--------- beginning of main
05-13 12:55:38.112  8722  8722 E adbd    : failed to connect to socket 'tcp:9008': Connection refused
05-13 12:55:38.142  8722  8722 E adbd    : failed to connect to socket 'tcp:9008': Connection refused
05-13 12:55:38.198   420   420 I AndroidRuntime: Using default boot image
05-13 12:55:38.198   420   420 I AndroidRuntime: Leaving lock profiling enabled
05-13 12:55:38.199   420   420 I app_process: Core platform API reporting enabled, enforcing=false
05-13 12:55:38.247   420   420 W app_process: Unexpected CPU variant for X86 using defaults: x86
05-13 12:55:38.345   420   420 W app_process: JNI RegisterNativeMethods: attempt to register 0 native methods for android.media.AudioAttributes
05-13 12:55:38.350   420   420 I uidumper: [UiAutomator2Server] Starting Server
05-13 12:55:38.405   420   420 I UiDevice: Creating a new instance, old instance exists: false
--------- beginning of system
05-13 12:55:38.464   420   420 W Java7Support: Unable to load JDK7 types (annotations, java.nio.file.Path): no Java7 support added
05-13 12:55:38.533   420   420 I uidumper: clipboardManager inited
05-13 12:55:38.551   420   420 I UIAutomatorStub: server started
05-13 12:55:40.098  1992  2026 I DropBoxManagerService: add tag=system_server_strictmode isTagEnabled=true flags=0x2
05-13 12:55:40.303   481   481 I AndroidRuntime: Using default boot image
05-13 12:55:40.303   481   481 I AndroidRuntime: Leaving lock profiling enabled
05-13 12:55:40.305   481   481 W app_process: Could not reserve sentinel fault page
05-13 12:55:40.305   481   481 I app_process: Core platform API reporting enabled, enforcing=false
05-13 12:55:40.351   481   481 W app_process: Unexpected CPU variant for X86 using defaults: x86
05-13 12:55:40.352   481   481 I app_process: The ClassLoaderContext is a special shared library.
05-13 12:55:40.364   481   481 W app_process: JNI RegisterNativeMethods: attempt to register 0 native methods for android.media.AudioAttributes
05-13 12:55:40.541   497   497 I AndroidRuntime: Using default boot image
05-13 12:55:40.541   497   497 I AndroidRuntime: Leaving lock profiling enabled
05-13 12:55:40.543   497   497 I app_process: Core platform API reporting enabled, enforcing=false
05-13 12:55:40.643   497   497 W app_process: Unexpected CPU variant for X86 using defaults: x86
05-13 12:55:40.648   497   497 I app_process: The ClassLoaderContext is a special shared library.
05-13 12:55:40.670   497   497 W app_process: JNI RegisterNativeMethods: attempt to register 0 native methods for android.media.AudioAttributes
05-13 12:55:40.935  1714  1960 I netd    : trafficSwapActiveStatsMap() <44.52ms>
05-13 12:55:40.937  1714  1960 I netd    : tetherGetStats() <1.08ms>
05-13 12:55:41.414  8803  8803 I abb     : StartCommandInProcess(73657474696e67730067657400676c6f settings.get.glo [truncated])
05-13 12:55:41.424  8803  8803 I abb     : StartCommandInProcess(7061636b61676500696e7374616c6c00 package.install. [truncated])
05-13 12:55:42.342  1992  2049 W PackageParser: Unknown element under <manifest>: queries at /data/app/vmdl247436002.tmp/base.apk Binary XML file line #63
05-13 12:55:42.343  1992  2049 W PackageParser: Unknown element under <service>: property at /data/app/vmdl247436002.tmp/base.apk Binary XML file line #783
05-13 12:55:42.349  1992  2049 I PackageManager: Un-granting permission android.permission.ACCESS_MOCK_LOCATION from package com.github.uiautomator (protectionLevel=2 flags=0x3888be46)
05-13 12:55:42.349  1992  2049 I PackageManager: Un-granting permission android.permission.SYSTEM_ALERT_WINDOW from package com.github.uiautomator (protectionLevel=1250 flags=0x3888be46)
05-13 12:55:42.349  1992  2049 I PackageManager: Un-granting permission android.permission.GLOBAL_SEARCH from package com.android.quicksearchbox (protectionLevel=18 flags=0x3088be45)
05-13 12:55:42.350  1992  2049 I PackageManager: Un-granting permission android.permission.BIND_WALLPAPER from package com.android.camera2 (protectionLevel=18 flags=0x20d8bc45)
05-13 12:55:42.352  1992  2049 I PackageManager: Un-granting permission android.permission.CONNECTIVITY_USE_RESTRICTED_NETWORKS from package com.android.captiveportallogin (protectionLevel=18 flags=0x38c8be45)
05-13 12:55:42.352  1992  2049 I PackageManager: Un-granting permission android.permission.NETWORK_BYPASS_PRIVATE_DNS from package com.android.captiveportallogin (protectionLevel=2 flags=0x38c8be45)
05-13 12:55:42.352  1992  2049 I PackageManager: Un-granting permission android.permission.CHANGE_CONFIGURATION from package org.totschnig.myexpenses.debug (protectionLevel=50 flags=0x3c59be46)
05-13 12:55:42.352  1992  2049 I PackageManager: Un-granting permission android.permission.DUMP from package org.totschnig.myexpenses.debug (protectionLevel=50 flags=0x3c59be46)
05-13 12:55:42.393  1992  2049 W PackageManager: Cannot whitelist unknown permission: android.permission.POST_NOTIFICATIONS
05-13 12:55:42.393  1992  2049 W PackageManager: Cannot whitelist unknown permission: android.permission.FOREGROUND_SERVICE_SPECIAL_USE
05-13 12:55:42.394  1714  1960 I netd    : trafficSetNetPermForUids(4, [10126]) <0.03ms>
05-13 12:55:42.396  1805  2783 E         : Couldn't opendir /data/app/vmdl247436002.tmp: No such file or directory
05-13 12:55:42.396  1805  2783 E installd: Failed to delete /data/app/vmdl247436002.tmp: No such file or directory
05-13 12:55:42.398 18213 18213 I IntentFilterVerificationReceiver: Verifying IntentFilter. verificationId:5 scheme:"https" hosts:"www.myexpenses.mobi" package:"org.totschnig.myexpenses.debug".
05-13 12:55:42.430  1992  2032 E system_server: No package ID 7f found for ID 0x7f08011e.
05-13 12:55:42.430  1992  2032 E system_server: No package ID 7f found for ID 0x7f120edc.
05-13 12:55:42.433  1992  2097 I InputReader: Reconfiguring input devices.  changes=0x00000010
05-13 12:55:42.436  1992  1992 I RoleManagerService: Granting default permissions...
05-13 12:55:42.436  1992  2323 W BroadcastQueue: Background execution not allowed: receiving Intent { act=android.intent.action.PACKAGE_ADDED dat=package:org.totschnig.myexpenses.debug flg=0x4000010 (has extras) } to com.android.packageinstaller/.PackageInstalledReceiver
05-13 12:55:42.462  1992  2033 W BroadcastQueue: Background execution not allowed: receiving Intent { act=android.intent.action.PACKAGE_ADDED dat=package:org.totschnig.myexpenses.debug flg=0x4000010 (has extras) } to com.android.gallery3d/.app.PackagesMonitor
05-13 12:55:42.464  1992  2033 W BroadcastQueue: Background execution not allowed: receiving Intent { act=android.intent.action.PACKAGE_ADDED dat=package:org.totschnig.myexpenses.debug flg=0x4000010 (has extras) } to com.android.musicfx/.Compatibility$Receiver
05-13 12:55:42.485  1992  2032 W VoiceInteractionManagerService: no available voice recognition services found for user 0
05-13 12:55:42.489  1992  2026 I DropBoxManagerService: add tag=system_app_strictmode isTagEnabled=true flags=0x2
05-13 12:55:42.503  1992  2007 I system_server: Background concurrent copying GC freed 33889(2205KB) AllocSpace objects, 30(1420KB) LOS objects, 37% free, 10097KB/15MB, paused 338us total 107.139ms
05-13 12:55:42.497  1992  2026 I DropBoxManagerService: add tag=system_app_strictmode isTagEnabled=true flags=0x2
05-13 12:55:42.527  1992  1992 I Telecom : DefaultDialerCache: Refreshing default dialer for user 0: now com.android.dialer: DDC.oR@ANc
05-13 12:55:42.611   420   552 W QueryController: Could not detect idle state.
05-13 12:55:42.613   420   552 W QueryController: Could not detect idle state.
05-13 12:55:42.641   420   552 I AccessibilityNodeInfoDumper: Skipping invisible child: android.view.accessibility.AccessibilityNodeInfo@ea41; boundsInParent: Rect(0, 0 - 1080, 95); boundsInScreen: Rect(0, 1857 - 1080, 1920); packageName: com.android.launcher3; className: android.widget.LinearLayout; text: null; error: null; maxTextLength: -1; contentDescription: null; tooltipText: null; viewIdResName: com.android.launcher3:id/all_apps_header; checkable: false; checked: false; focusable: false; focused: false; selected: false; clickable: false; longClickable: false; contextClickable: false; enabled: true; password: false; scrollable: false; importantForAccessibility: false; visible: false; actions: [AccessibilityAction: ACTION_SELECT - null, AccessibilityAction: ACTION_CLEAR_SELECTION - null, AccessibilityAction: ACTION_ACCESSIBILITY_FOCUS - null, AccessibilityAction: ACTION_SHOW_ON_SCREEN - null]
05-13 12:55:42.641   420   552 I AccessibilityNodeInfoDumper: Skipping invisible child: android.view.accessibility.AccessibilityNodeInfo@1174d; boundsInParent: Rect(0, 0 - 197, 163); boundsInScreen: Rect(833, 1857 - 1030, 1920); packageName: com.android.launcher3; className: android.widget.TextView; text: null; error: null; maxTextLength: -1; contentDescription: null; tooltipText: null; viewIdResName: com.android.launcher3:id/fast_scroller_popup; checkable: false; checked: false; focusable: false; focused: false; selected: false; clickable: false; longClickable: false; contextClickable: false; enabled: true; password: false; scrollable: false; importantForAccessibility: false; visible: false; actions: [AccessibilityAction: ACTION_SELECT - null, AccessibilityAction: ACTION_CLEAR_SELECTION - null, AccessibilityAction: ACTION_ACCESSIBILITY_FOCUS - null, AccessibilityAction: ACTION_SHOW_ON_SCREEN - null]
05-13 12:55:42.652   420   552 I AccessibilityNodeInfoDumper: Skipping invisible child: android.view.accessibility.AccessibilityNodeInfo@20b4f; boundsInParent: Rect(0, 0 - 0, 63); boundsInScreen: Rect(540, 0 - 540, 63); packageName: com.android.systemui; className: android.widget.FrameLayout; text: null; error: null; maxTextLength: -1; contentDescription: null; tooltipText: null; viewIdResName: com.android.systemui:id/centered_icon_area; checkable: false; checked: false; focusable: false; focused: false; selected: false; clickable: false; longClickable: false; contextClickable: false; enabled: true; password: false; scrollable: false; importantForAccessibility: false; visible: false; actions: [AccessibilityAction: ACTION_SELECT - null, AccessibilityAction: ACTION_CLEAR_SELECTION - null, AccessibilityAction: ACTION_ACCESSIBILITY_FOCUS - null, AccessibilityAction: ACTION_SHOW_ON_SCREEN - null]
05-13 12:55:42.783  1992  2026 I DropBoxManagerService: add tag=system_app_strictmode isTagEnabled=true flags=0x2
05-13 12:55:42.882  1614  1614 I hwservicemanager: getTransport: Cannot find entry android.hardware.graphics.mapper@3.0::IMapper/default in either framework or device manifest.
05-13 12:55:42.883   566   566 W Gralloc3: mapper 3.x is not supported
05-13 12:55:42.966  1992  2032 I RoleUserState: Wrote roles.xml successfully
05-13 12:55:43.273 18305   576 I MediaProvider: Begin Intent { act=android.intent.action.MEDIA_SCANNER_SCAN_FILE dat=file:///sdcard/screen_2025-05-13_205543.png flg=0x1400010 cmp=com.android.providers.media/.MediaService }
05-13 12:55:43.280 18305   576 W ExifInterface: Invalid image: ExifInterface got an unsupported image format file(ExifInterface supports JPEG and some RAW image formats only) or a corrupted JPEG file to ExifInterface.
05-13 12:55:43.280 18305   576 W ExifInterface: java.io.IOException: Invalid byte order: ffff8950
05-13 12:55:43.280 18305   576 W ExifInterface: 	at android.media.ExifInterface.readByteOrder(ExifInterface.java:3121)
05-13 12:55:43.280 18305   576 W ExifInterface: 	at android.media.ExifInterface.isOrfFormat(ExifInterface.java:2437)
05-13 12:55:43.280 18305   576 W ExifInterface: 	at android.media.ExifInterface.getMimeType(ExifInterface.java:2315)
05-13 12:55:43.280 18305   576 W ExifInterface: 	at android.media.ExifInterface.loadAttributes(ExifInterface.java:1753)
05-13 12:55:43.280 18305   576 W ExifInterface: 	at android.media.ExifInterface.<init>(ExifInterface.java:1447)
05-13 12:55:43.280 18305   576 W ExifInterface: 	at com.android.providers.media.scan.ModernMediaScanner.scanItemImage(ModernMediaScanner.java:729)
05-13 12:55:43.280 18305   576 W ExifInterface: 	at com.android.providers.media.scan.ModernMediaScanner.scanItem(ModernMediaScanner.java:502)
05-13 12:55:43.280 18305   576 W ExifInterface: 	at com.android.providers.media.scan.ModernMediaScanner.access$500(ModernMediaScanner.java:118)
05-13 12:55:43.280 18305   576 W ExifInterface: 	at com.android.providers.media.scan.ModernMediaScanner$Scan.visitFile(ModernMediaScanner.java:406)
05-13 12:55:43.280 18305   576 W ExifInterface: 	at com.android.providers.media.scan.ModernMediaScanner$Scan.visitFile(ModernMediaScanner.java:207)
05-13 12:55:43.280 18305   576 W ExifInterface: 	at java.nio.file.Files.walkFileTree(Files.java:2670)
05-13 12:55:43.280 18305   576 W ExifInterface: 	at java.nio.file.Files.walkFileTree(Files.java:2742)
05-13 12:55:43.280 18305   576 W ExifInterface: 	at com.android.providers.media.scan.ModernMediaScanner$Scan.walkFileTree(ModernMediaScanner.java:267)
05-13 12:55:43.280 18305   576 W ExifInterface: 	at com.android.providers.media.scan.ModernMediaScanner$Scan.run(ModernMediaScanner.java:245)
05-13 12:55:43.280 18305   576 W ExifInterface: 	at com.android.providers.media.scan.ModernMediaScanner.scanFile(ModernMediaScanner.java:174)
05-13 12:55:43.280 18305   576 W ExifInterface: 	at com.android.providers.media.MediaService.onScanFile(MediaService.java:164)
05-13 12:55:43.280 18305   576 W ExifInterface: 	at com.android.providers.media.MediaService.onHandleIntent(MediaService.java:90)
05-13 12:55:43.280 18305   576 W ExifInterface: 	at android.app.IntentService$ServiceHandler.handleMessage(IntentService.java:78)
05-13 12:55:43.280 18305   576 W ExifInterface: 	at android.os.Handler.dispatchMessage(Handler.java:107)
05-13 12:55:43.280 18305   576 W ExifInterface: 	at android.os.Looper.loop(Looper.java:214)
05-13 12:55:43.280 18305   576 W ExifInterface: 	at android.os.HandlerThread.run(HandlerThread.java:67)
05-13 12:55:43.328 18305   576 I MediaProvider: End Intent { act=android.intent.action.MEDIA_SCANNER_SCAN_FILE dat=file:///sdcard/screen_2025-05-13_205543.png flg=0x1400010 cmp=com.android.providers.media/.MediaService }
05-13 12:55:43.403  1992  2026 I DropBoxManagerService: add tag=system_server_strictmode isTagEnabled=true flags=0x2
05-13 12:55:43.686   420   596 W QueryController: Could not detect idle state.
05-13 12:55:43.688   420   596 W QueryController: Could not detect idle state.
05-13 12:55:43.701   420   596 I AccessibilityNodeInfoDumper: Skipping invisible child: android.view.accessibility.AccessibilityNodeInfo@ea41; boundsInParent: Rect(0, 0 - 1080, 95); boundsInScreen: Rect(0, 1857 - 1080, 1920); packageName: com.android.launcher3; className: android.widget.LinearLayout; text: null; error: null; maxTextLength: -1; contentDescription: null; tooltipText: null; viewIdResName: com.android.launcher3:id/all_apps_header; checkable: false; checked: false; focusable: false; focused: false; selected: false; clickable: false; longClickable: false; contextClickable: false; enabled: true; password: false; scrollable: false; importantForAccessibility: false; visible: false; actions: [AccessibilityAction: ACTION_SELECT - null, AccessibilityAction: ACTION_CLEAR_SELECTION - null, AccessibilityAction: ACTION_ACCESSIBILITY_FOCUS - null, AccessibilityAction: ACTION_SHOW_ON_SCREEN - null]
05-13 12:55:43.701   420   596 I AccessibilityNodeInfoDumper: Skipping invisible child: android.view.accessibility.AccessibilityNodeInfo@1174d; boundsInParent: Rect(0, 0 - 197, 163); boundsInScreen: Rect(833, 1857 - 1030, 1920); packageName: com.android.launcher3; className: android.widget.TextView; text: null; error: null; maxTextLength: -1; contentDescription: null; tooltipText: null; viewIdResName: com.android.launcher3:id/fast_scroller_popup; checkable: false; checked: false; focusable: false; focused: false; selected: false; clickable: false; longClickable: false; contextClickable: false; enabled: true; password: false; scrollable: false; importantForAccessibility: false; visible: false; actions: [AccessibilityAction: ACTION_SELECT - null, AccessibilityAction: ACTION_CLEAR_SELECTION - null, AccessibilityAction: ACTION_ACCESSIBILITY_FOCUS - null, AccessibilityAction: ACTION_SHOW_ON_SCREEN - null]
05-13 12:55:43.707   420   596 I AccessibilityNodeInfoDumper: Skipping invisible child: android.view.accessibility.AccessibilityNodeInfo@20b4f; boundsInParent: Rect(0, 0 - 0, 63); boundsInScreen: Rect(540, 0 - 540, 63); packageName: com.android.systemui; className: android.widget.FrameLayout; text: null; error: null; maxTextLength: -1; contentDescription: null; tooltipText: null; viewIdResName: com.android.systemui:id/centered_icon_area; checkable: false; checked: false; focusable: false; focused: false; selected: false; clickable: false; longClickable: false; contextClickable: false; enabled: true; password: false; scrollable: false; importantForAccessibility: false; visible: false; actions: [AccessibilityAction: ACTION_SELECT - null, AccessibilityAction: ACTION_CLEAR_SELECTION - null, AccessibilityAction: ACTION_ACCESSIBILITY_FOCUS - null, AccessibilityAction: ACTION_SHOW_ON_SCREEN - null]
05-13 12:55:43.918  1614  1614 I hwservicemanager: getTransport: Cannot find entry android.hardware.graphics.mapper@3.0::IMapper/default in either framework or device manifest.
05-13 12:55:43.918   609   609 W Gralloc3: mapper 3.x is not supported
05-13 12:55:44.359 18305   619 I MediaProvider: Begin Intent { act=android.intent.action.MEDIA_SCANNER_SCAN_FILE dat=file:///sdcard/screen_2025-05-13_205544.png flg=0x1400010 cmp=com.android.providers.media/.MediaService }
05-13 12:55:44.363 18305   619 W ExifInterface: Invalid image: ExifInterface got an unsupported image format file(ExifInterface supports JPEG and some RAW image formats only) or a corrupted JPEG file to ExifInterface.
05-13 12:55:44.363 18305   619 W ExifInterface: java.io.IOException: Invalid byte order: ffff8950
05-13 12:55:44.363 18305   619 W ExifInterface: 	at android.media.ExifInterface.readByteOrder(ExifInterface.java:3121)
05-13 12:55:44.363 18305   619 W ExifInterface: 	at android.media.ExifInterface.isOrfFormat(ExifInterface.java:2437)
05-13 12:55:44.363 18305   619 W ExifInterface: 	at android.media.ExifInterface.getMimeType(ExifInterface.java:2315)
05-13 12:55:44.363 18305   619 W ExifInterface: 	at android.media.ExifInterface.loadAttributes(ExifInterface.java:1753)
05-13 12:55:44.363 18305   619 W ExifInterface: 	at android.media.ExifInterface.<init>(ExifInterface.java:1447)
05-13 12:55:44.363 18305   619 W ExifInterface: 	at com.android.providers.media.scan.ModernMediaScanner.scanItemImage(ModernMediaScanner.java:729)
05-13 12:55:44.363 18305   619 W ExifInterface: 	at com.android.providers.media.scan.ModernMediaScanner.scanItem(ModernMediaScanner.java:502)
05-13 12:55:44.363 18305   619 W ExifInterface: 	at com.android.providers.media.scan.ModernMediaScanner.access$500(ModernMediaScanner.java:118)
05-13 12:55:44.363 18305   619 W ExifInterface: 	at com.android.providers.media.scan.ModernMediaScanner$Scan.visitFile(ModernMediaScanner.java:406)
05-13 12:55:44.363 18305   619 W ExifInterface: 	at com.android.providers.media.scan.ModernMediaScanner$Scan.visitFile(ModernMediaScanner.java:207)
05-13 12:55:44.363 18305   619 W ExifInterface: 	at java.nio.file.Files.walkFileTree(Files.java:2670)
05-13 12:55:44.363 18305   619 W ExifInterface: 	at java.nio.file.Files.walkFileTree(Files.java:2742)
05-13 12:55:44.363 18305   619 W ExifInterface: 	at com.android.providers.media.scan.ModernMediaScanner$Scan.walkFileTree(ModernMediaScanner.java:267)
05-13 12:55:44.363 18305   619 W ExifInterface: 	at com.android.providers.media.scan.ModernMediaScanner$Scan.run(ModernMediaScanner.java:245)
05-13 12:55:44.363 18305   619 W ExifInterface: 	at com.android.providers.media.scan.ModernMediaScanner.scanFile(ModernMediaScanner.java:174)
05-13 12:55:44.363 18305   619 W ExifInterface: 	at com.android.providers.media.MediaService.onScanFile(MediaService.java:164)
05-13 12:55:44.363 18305   619 W ExifInterface: 	at com.android.providers.media.MediaService.onHandleIntent(MediaService.java:90)
05-13 12:55:44.363 18305   619 W ExifInterface: 	at android.app.IntentService$ServiceHandler.handleMessage(IntentService.java:78)
05-13 12:55:44.363 18305   619 W ExifInterface: 	at android.os.Handler.dispatchMessage(Handler.java:107)
05-13 12:55:44.363 18305   619 W ExifInterface: 	at android.os.Looper.loop(Looper.java:214)
05-13 12:55:44.363 18305   619 W ExifInterface: 	at android.os.HandlerThread.run(HandlerThread.java:67)
05-13 12:55:44.369 18305   619 I MediaProvider: End Intent { act=android.intent.action.MEDIA_SCANNER_SCAN_FILE dat=file:///sdcard/screen_2025-05-13_205544.png flg=0x1400010 cmp=com.android.providers.media/.MediaService }
05-13 12:55:44.495  1992  2026 I DropBoxManagerService: add tag=system_server_strictmode isTagEnabled=true flags=0x2
05-13 12:55:44.705  1992 13763 I ActivityManager: Force stopping org.totschnig.myexpenses.debug appid=10126 user=0: from pid 640
05-13 12:55:44.884   643   643 I AndroidRuntime: Using default boot image
05-13 12:55:44.884   643   643 I AndroidRuntime: Leaving lock profiling enabled
05-13 12:55:44.887   643   643 I app_process: Core platform API reporting enabled, enforcing=false
05-13 12:55:44.990   643   643 W app_process: Unexpected CPU variant for X86 using defaults: x86
05-13 12:55:44.996   643   643 I app_process: The ClassLoaderContext is a special shared library.
05-13 12:55:45.038   643   643 W app_process: JNI RegisterNativeMethods: attempt to register 0 native methods for android.media.AudioAttributes
05-13 12:55:45.059  1992  2025 I ActivityTaskManager: START u0 {act=android.intent.action.MAIN cat=[android.intent.category.HOME] flg=0x10000100 cmp=com.android.launcher3/.Launcher (has extras)} from uid 0
05-13 12:55:45.158  1992  2049 I PackageManager: autoVerify ignored when installing for all users
05-13 12:55:46.166   420   660 W QueryController: Could not detect idle state.
05-13 12:55:46.166   420   660 W QueryController: Could not detect idle state.
05-13 12:55:46.181   420   660 I AccessibilityNodeInfoDumper: Skipping invisible child: android.view.accessibility.AccessibilityNodeInfo@ea41; boundsInParent: Rect(0, 0 - 1080, 95); boundsInScreen: Rect(0, 1857 - 1080, 1920); packageName: com.android.launcher3; className: android.widget.LinearLayout; text: null; error: null; maxTextLength: -1; contentDescription: null; tooltipText: null; viewIdResName: com.android.launcher3:id/all_apps_header; checkable: false; checked: false; focusable: false; focused: false; selected: false; clickable: false; longClickable: false; contextClickable: false; enabled: true; password: false; scrollable: false; importantForAccessibility: false; visible: false; actions: [AccessibilityAction: ACTION_SELECT - null, AccessibilityAction: ACTION_CLEAR_SELECTION - null, AccessibilityAction: ACTION_ACCESSIBILITY_FOCUS - null, AccessibilityAction: ACTION_SHOW_ON_SCREEN - null]
05-13 12:55:46.181   420   660 I AccessibilityNodeInfoDumper: Skipping invisible child: android.view.accessibility.AccessibilityNodeInfo@1174d; boundsInParent: Rect(0, 0 - 197, 163); boundsInScreen: Rect(833, 1857 - 1030, 1920); packageName: com.android.launcher3; className: android.widget.TextView; text: null; error: null; maxTextLength: -1; contentDescription: null; tooltipText: null; viewIdResName: com.android.launcher3:id/fast_scroller_popup; checkable: false; checked: false; focusable: false; focused: false; selected: false; clickable: false; longClickable: false; contextClickable: false; enabled: true; password: false; scrollable: false; importantForAccessibility: false; visible: false; actions: [AccessibilityAction: ACTION_SELECT - null, AccessibilityAction: ACTION_CLEAR_SELECTION - null, AccessibilityAction: ACTION_ACCESSIBILITY_FOCUS - null, AccessibilityAction: ACTION_SHOW_ON_SCREEN - null]
05-13 12:55:46.189   420   660 I AccessibilityNodeInfoDumper: Skipping invisible child: android.view.accessibility.AccessibilityNodeInfo@20b4f; boundsInParent: Rect(0, 0 - 0, 63); boundsInScreen: Rect(540, 0 - 540, 63); packageName: com.android.systemui; className: android.widget.FrameLayout; text: null; error: null; maxTextLength: -1; contentDescription: null; tooltipText: null; viewIdResName: com.android.systemui:id/centered_icon_area; checkable: false; checked: false; focusable: false; focused: false; selected: false; clickable: false; longClickable: false; contextClickable: false; enabled: true; password: false; scrollable: false; importantForAccessibility: false; visible: false; actions: [AccessibilityAction: ACTION_SELECT - null, AccessibilityAction: ACTION_CLEAR_SELECTION - null, AccessibilityAction: ACTION_ACCESSIBILITY_FOCUS - null, AccessibilityAction: ACTION_SHOW_ON_SCREEN - null]
05-13 12:55:46.447  1614  1614 I hwservicemanager: getTransport: Cannot find entry android.hardware.graphics.mapper@3.0::IMapper/default in either framework or device manifest.
05-13 12:55:46.448   673   673 W Gralloc3: mapper 3.x is not supported
05-13 12:55:46.822 18305   683 I MediaProvider: Begin Intent { act=android.intent.action.MEDIA_SCANNER_SCAN_FILE dat=file:///sdcard/screen_2025-05-13_205547.png flg=0x1400010 cmp=com.android.providers.media/.MediaService }
05-13 12:55:46.826 18305   683 W ExifInterface: Invalid image: ExifInterface got an unsupported image format file(ExifInterface supports JPEG and some RAW image formats only) or a corrupted JPEG file to ExifInterface.
05-13 12:55:46.826 18305   683 W ExifInterface: java.io.IOException: Invalid byte order: ffff8950
05-13 12:55:46.826 18305   683 W ExifInterface: 	at android.media.ExifInterface.readByteOrder(ExifInterface.java:3121)
05-13 12:55:46.826 18305   683 W ExifInterface: 	at android.media.ExifInterface.isOrfFormat(ExifInterface.java:2437)
05-13 12:55:46.826 18305   683 W ExifInterface: 	at android.media.ExifInterface.getMimeType(ExifInterface.java:2315)
05-13 12:55:46.826 18305   683 W ExifInterface: 	at android.media.ExifInterface.loadAttributes(ExifInterface.java:1753)
05-13 12:55:46.826 18305   683 W ExifInterface: 	at android.media.ExifInterface.<init>(ExifInterface.java:1447)
05-13 12:55:46.826 18305   683 W ExifInterface: 	at com.android.providers.media.scan.ModernMediaScanner.scanItemImage(ModernMediaScanner.java:729)
05-13 12:55:46.826 18305   683 W ExifInterface: 	at com.android.providers.media.scan.ModernMediaScanner.scanItem(ModernMediaScanner.java:502)
05-13 12:55:46.826 18305   683 W ExifInterface: 	at com.android.providers.media.scan.ModernMediaScanner.access$500(ModernMediaScanner.java:118)
05-13 12:55:46.826 18305   683 W ExifInterface: 	at com.android.providers.media.scan.ModernMediaScanner$Scan.visitFile(ModernMediaScanner.java:406)
05-13 12:55:46.826 18305   683 W ExifInterface: 	at com.android.providers.media.scan.ModernMediaScanner$Scan.visitFile(ModernMediaScanner.java:207)
05-13 12:55:46.826 18305   683 W ExifInterface: 	at java.nio.file.Files.walkFileTree(Files.java:2670)
05-13 12:55:46.826 18305   683 W ExifInterface: 	at java.nio.file.Files.walkFileTree(Files.java:2742)
05-13 12:55:46.826 18305   683 W ExifInterface: 	at com.android.providers.media.scan.ModernMediaScanner$Scan.walkFileTree(ModernMediaScanner.java:267)
05-13 12:55:46.826 18305   683 W ExifInterface: 	at com.android.providers.media.scan.ModernMediaScanner$Scan.run(ModernMediaScanner.java:245)
05-13 12:55:46.826 18305   683 W ExifInterface: 	at com.android.providers.media.scan.ModernMediaScanner.scanFile(ModernMediaScanner.java:174)
05-13 12:55:46.826 18305   683 W ExifInterface: 	at com.android.providers.media.MediaService.onScanFile(MediaService.java:164)
05-13 12:55:46.826 18305   683 W ExifInterface: 	at com.android.providers.media.MediaService.onHandleIntent(MediaService.java:90)
05-13 12:55:46.826 18305   683 W ExifInterface: 	at android.app.IntentService$ServiceHandler.handleMessage(IntentService.java:78)
05-13 12:55:46.826 18305   683 W ExifInterface: 	at android.os.Handler.dispatchMessage(Handler.java:107)
05-13 12:55:46.826 18305   683 W ExifInterface: 	at android.os.Looper.loop(Looper.java:214)
05-13 12:55:46.826 18305   683 W ExifInterface: 	at android.os.HandlerThread.run(HandlerThread.java:67)
05-13 12:55:46.827 18305   683 I MediaProvider: End Intent { act=android.intent.action.MEDIA_SCANNER_SCAN_FILE dat=file:///sdcard/screen_2025-05-13_205547.png flg=0x1400010 cmp=com.android.providers.media/.MediaService }
05-13 12:55:46.941  1992  2026 I DropBoxManagerService: add tag=system_server_strictmode isTagEnabled=true flags=0x2
05-13 12:55:47.099   420   703 W QueryController: Could not detect idle state.
05-13 12:55:47.101   420   703 W QueryController: Could not detect idle state.
05-13 12:55:47.114   420   703 I AccessibilityNodeInfoDumper: Skipping invisible child: android.view.accessibility.AccessibilityNodeInfo@ea41; boundsInParent: Rect(0, 0 - 1080, 95); boundsInScreen: Rect(0, 1857 - 1080, 1920); packageName: com.android.launcher3; className: android.widget.LinearLayout; text: null; error: null; maxTextLength: -1; contentDescription: null; tooltipText: null; viewIdResName: com.android.launcher3:id/all_apps_header; checkable: false; checked: false; focusable: false; focused: false; selected: false; clickable: false; longClickable: false; contextClickable: false; enabled: true; password: false; scrollable: false; importantForAccessibility: false; visible: false; actions: [AccessibilityAction: ACTION_SELECT - null, AccessibilityAction: ACTION_CLEAR_SELECTION - null, AccessibilityAction: ACTION_ACCESSIBILITY_FOCUS - null, AccessibilityAction: ACTION_SHOW_ON_SCREEN - null]
05-13 12:55:47.114   420   703 I AccessibilityNodeInfoDumper: Skipping invisible child: android.view.accessibility.AccessibilityNodeInfo@1174d; boundsInParent: Rect(0, 0 - 197, 163); boundsInScreen: Rect(833, 1857 - 1030, 1920); packageName: com.android.launcher3; className: android.widget.TextView; text: null; error: null; maxTextLength: -1; contentDescription: null; tooltipText: null; viewIdResName: com.android.launcher3:id/fast_scroller_popup; checkable: false; checked: false; focusable: false; focused: false; selected: false; clickable: false; longClickable: false; contextClickable: false; enabled: true; password: false; scrollable: false; importantForAccessibility: false; visible: false; actions: [AccessibilityAction: ACTION_SELECT - null, AccessibilityAction: ACTION_CLEAR_SELECTION - null, AccessibilityAction: ACTION_ACCESSIBILITY_FOCUS - null, AccessibilityAction: ACTION_SHOW_ON_SCREEN - null]
05-13 12:55:47.120   420   703 I AccessibilityNodeInfoDumper: Skipping invisible child: android.view.accessibility.AccessibilityNodeInfo@20b4f; boundsInParent: Rect(0, 0 - 0, 63); boundsInScreen: Rect(540, 0 - 540, 63); packageName: com.android.systemui; className: android.widget.FrameLayout; text: null; error: null; maxTextLength: -1; contentDescription: null; tooltipText: null; viewIdResName: com.android.systemui:id/centered_icon_area; checkable: false; checked: false; focusable: false; focused: false; selected: false; clickable: false; longClickable: false; contextClickable: false; enabled: true; password: false; scrollable: false; importantForAccessibility: false; visible: false; actions: [AccessibilityAction: ACTION_SELECT - null, AccessibilityAction: ACTION_CLEAR_SELECTION - null, AccessibilityAction: ACTION_ACCESSIBILITY_FOCUS - null, AccessibilityAction: ACTION_SHOW_ON_SCREEN - null]
05-13 12:55:47.313  1614  1614 I hwservicemanager: getTransport: Cannot find entry android.hardware.graphics.mapper@3.0::IMapper/default in either framework or device manifest.
05-13 12:55:47.314   716   716 W Gralloc3: mapper 3.x is not supported
05-13 12:55:47.686 18305   726 I MediaProvider: Begin Intent { act=android.intent.action.MEDIA_SCANNER_SCAN_FILE dat=file:///sdcard/screen_2025-05-13_205548.png flg=0x1400010 cmp=com.android.providers.media/.MediaService }
05-13 12:55:47.692 18305   726 W ExifInterface: Invalid image: ExifInterface got an unsupported image format file(ExifInterface supports JPEG and some RAW image formats only) or a corrupted JPEG file to ExifInterface.
05-13 12:55:47.692 18305   726 W ExifInterface: java.io.IOException: Invalid byte order: ffff8950
05-13 12:55:47.692 18305   726 W ExifInterface: 	at android.media.ExifInterface.readByteOrder(ExifInterface.java:3121)
05-13 12:55:47.692 18305   726 W ExifInterface: 	at android.media.ExifInterface.isOrfFormat(ExifInterface.java:2437)
05-13 12:55:47.692 18305   726 W ExifInterface: 	at android.media.ExifInterface.getMimeType(ExifInterface.java:2315)
05-13 12:55:47.692 18305   726 W ExifInterface: 	at android.media.ExifInterface.loadAttributes(ExifInterface.java:1753)
05-13 12:55:47.692 18305   726 W ExifInterface: 	at android.media.ExifInterface.<init>(ExifInterface.java:1447)
05-13 12:55:47.692 18305   726 W ExifInterface: 	at com.android.providers.media.scan.ModernMediaScanner.scanItemImage(ModernMediaScanner.java:729)
05-13 12:55:47.692 18305   726 W ExifInterface: 	at com.android.providers.media.scan.ModernMediaScanner.scanItem(ModernMediaScanner.java:502)
05-13 12:55:47.692 18305   726 W ExifInterface: 	at com.android.providers.media.scan.ModernMediaScanner.access$500(ModernMediaScanner.java:118)
05-13 12:55:47.692 18305   726 W ExifInterface: 	at com.android.providers.media.scan.ModernMediaScanner$Scan.visitFile(ModernMediaScanner.java:406)
05-13 12:55:47.692 18305   726 W ExifInterface: 	at com.android.providers.media.scan.ModernMediaScanner$Scan.visitFile(ModernMediaScanner.java:207)
05-13 12:55:47.692 18305   726 W ExifInterface: 	at java.nio.file.Files.walkFileTree(Files.java:2670)
05-13 12:55:47.692 18305   726 W ExifInterface: 	at java.nio.file.Files.walkFileTree(Files.java:2742)
05-13 12:55:47.692 18305   726 W ExifInterface: 	at com.android.providers.media.scan.ModernMediaScanner$Scan.walkFileTree(ModernMediaScanner.java:267)
05-13 12:55:47.692 18305   726 W ExifInterface: 	at com.android.providers.media.scan.ModernMediaScanner$Scan.run(ModernMediaScanner.java:245)
05-13 12:55:47.692 18305   726 W ExifInterface: 	at com.android.providers.media.scan.ModernMediaScanner.scanFile(ModernMediaScanner.java:174)
05-13 12:55:47.692 18305   726 W ExifInterface: 	at com.android.providers.media.MediaService.onScanFile(MediaService.java:164)
05-13 12:55:47.692 18305   726 W ExifInterface: 	at com.android.providers.media.MediaService.onHandleIntent(MediaService.java:90)
05-13 12:55:47.692 18305   726 W ExifInterface: 	at android.app.IntentService$ServiceHandler.handleMessage(IntentService.java:78)
05-13 12:55:47.692 18305   726 W ExifInterface: 	at android.os.Handler.dispatchMessage(Handler.java:107)
05-13 12:55:47.692 18305   726 W ExifInterface: 	at android.os.Looper.loop(Looper.java:214)
05-13 12:55:47.692 18305   726 W ExifInterface: 	at android.os.HandlerThread.run(HandlerThread.java:67)
05-13 12:55:47.694 18305   726 I MediaProvider: End Intent { act=android.intent.action.MEDIA_SCANNER_SCAN_FILE dat=file:///sdcard/screen_2025-05-13_205548.png flg=0x1400010 cmp=com.android.providers.media/.MediaService }
05-13 12:55:48.099   420   752 W QueryController: Could not detect idle state.
05-13 12:55:48.101   420   752 W QueryController: Could not detect idle state.
05-13 12:55:48.109   420   429 W System  : A resource was acquired at attached stack trace but never released. See java.io.Closeable for information on avoiding resource leaks.
05-13 12:55:48.109   420   429 W System  : java.lang.Throwable: Explicit termination method 'end' not called
05-13 12:55:48.109   420   429 W System  : 	at dalvik.system.CloseGuard.open(CloseGuard.java:237)
05-13 12:55:48.109   420   429 W System  : 	at java.util.zip.Deflater.<init>(Deflater.java:189)
05-13 12:55:48.109   420   429 W System  : 	at java.util.zip.GZIPOutputStream.<init>(GZIPOutputStream.java:90)
05-13 12:55:48.109   420   429 W System  : 	at java.util.zip.GZIPOutputStream.<init>(GZIPOutputStream.java:109)
05-13 12:55:48.109   420   429 W System  : 	at fi.iki.elonen.NanoHTTPD$Response.sendBodyWithCorrectEncoding(NanoHTTPD.java:1663)
05-13 12:55:48.109   420   429 W System  : 	at fi.iki.elonen.NanoHTTPD$Response.sendBodyWithCorrectTransferAndEncoding(NanoHTTPD.java:1654)
05-13 12:55:48.109   420   429 W System  : 	at fi.iki.elonen.NanoHTTPD$Response.send(NanoHTTPD.java:1624)
05-13 12:55:48.109   420   429 W System  : 	at fi.iki.elonen.NanoHTTPD$HTTPSession.execute(NanoHTTPD.java:957)
05-13 12:55:48.109   420   429 W System  : 	at fi.iki.elonen.NanoHTTPD$ClientHandler.run(NanoHTTPD.java:192)
05-13 12:55:48.109   420   429 W System  : 	at java.lang.Thread.run(Thread.java:919)
05-13 12:55:48.109   420   429 W System  : A resource was acquired at attached stack trace but never released. See java.io.Closeable for information on avoiding resource leaks.
05-13 12:55:48.109   420   429 W System  : java.lang.Throwable: Explicit termination method 'end' not called
05-13 12:55:48.109   420   429 W System  : 	at dalvik.system.CloseGuard.open(CloseGuard.java:237)
05-13 12:55:48.109   420   429 W System  : 	at java.util.zip.Deflater.<init>(Deflater.java:189)
05-13 12:55:48.109   420   429 W System  : 	at java.util.zip.GZIPOutputStream.<init>(GZIPOutputStream.java:90)
05-13 12:55:48.109   420   429 W System  : 	at java.util.zip.GZIPOutputStream.<init>(GZIPOutputStream.java:109)
05-13 12:55:48.109   420   429 W System  : 	at fi.iki.elonen.NanoHTTPD$Response.sendBodyWithCorrectEncoding(NanoHTTPD.java:1663)
05-13 12:55:48.109   420   429 W System  : 	at fi.iki.elonen.NanoHTTPD$Response.sendBodyWithCorrectTransferAndEncoding(NanoHTTPD.java:1654)
05-13 12:55:48.109   420   429 W System  : 	at fi.iki.elonen.NanoHTTPD$Response.send(NanoHTTPD.java:1624)
05-13 12:55:48.109   420   429 W System  : 	at fi.iki.elonen.NanoHTTPD$HTTPSession.execute(NanoHTTPD.java:957)
05-13 12:55:48.109   420   429 W System  : 	at fi.iki.elonen.NanoHTTPD$ClientHandler.run(NanoHTTPD.java:192)
05-13 12:55:48.109   420   429 W System  : 	at java.lang.Thread.run(Thread.java:919)
05-13 12:55:48.109   420   429 W System  : A resource was acquired at attached stack trace but never released. See java.io.Closeable for information on avoiding resource leaks.
05-13 12:55:48.109   420   429 W System  : java.lang.Throwable: Explicit termination method 'end' not called
05-13 12:55:48.109   420   429 W System  : 	at dalvik.system.CloseGuard.open(CloseGuard.java:237)
05-13 12:55:48.109   420   429 W System  : 	at java.util.zip.Deflater.<init>(Deflater.java:189)
05-13 12:55:48.109   420   429 W System  : 	at java.util.zip.GZIPOutputStream.<init>(GZIPOutputStream.java:90)
05-13 12:55:48.109   420   429 W System  : 	at java.util.zip.GZIPOutputStream.<init>(GZIPOutputStream.java:109)
05-13 12:55:48.109   420   429 W System  : 	at fi.iki.elonen.NanoHTTPD$Response.sendBodyWithCorrectEncoding(NanoHTTPD.java:1663)
05-13 12:55:48.109   420   429 W System  : 	at fi.iki.elonen.NanoHTTPD$Response.sendBodyWithCorrectTransferAndEncoding(NanoHTTPD.java:1654)
05-13 12:55:48.109   420   429 W System  : 	at fi.iki.elonen.NanoHTTPD$Response.send(NanoHTTPD.java:1624)
05-13 12:55:48.109   420   429 W System  : 	at fi.iki.elonen.NanoHTTPD$HTTPSession.execute(NanoHTTPD.java:957)
05-13 12:55:48.109   420   429 W System  : 	at fi.iki.elonen.NanoHTTPD$ClientHandler.run(NanoHTTPD.java:192)
05-13 12:55:48.109   420   429 W System  : 	at java.lang.Thread.run(Thread.java:919)
05-13 12:55:48.109   420   429 W System  : A resource was acquired at attached stack trace but never released. See java.io.Closeable for information on avoiding resource leaks.
05-13 12:55:48.110   420   429 W System  : java.lang.Throwable: Explicit termination method 'end' not called
05-13 12:55:48.110   420   429 W System  : 	at dalvik.system.CloseGuard.open(CloseGuard.java:237)
05-13 12:55:48.110   420   429 W System  : 	at java.util.zip.Deflater.<init>(Deflater.java:189)
05-13 12:55:48.110   420   429 W System  : 	at java.util.zip.GZIPOutputStream.<init>(GZIPOutputStream.java:90)
05-13 12:55:48.110   420   429 W System  : 	at java.util.zip.GZIPOutputStream.<init>(GZIPOutputStream.java:109)
05-13 12:55:48.110   420   429 W System  : 	at fi.iki.elonen.NanoHTTPD$Response.sendBodyWithCorrectEncoding(NanoHTTPD.java:1663)
05-13 12:55:48.110   420   429 W System  : 	at fi.iki.elonen.NanoHTTPD$Response.sendBodyWithCorrectTransferAndEncoding(NanoHTTPD.java:1654)
05-13 12:55:48.110   420   429 W System  : 	at fi.iki.elonen.NanoHTTPD$Response.send(NanoHTTPD.java:1624)
05-13 12:55:48.110   420   429 W System  : 	at fi.iki.elonen.NanoHTTPD$HTTPSession.execute(NanoHTTPD.java:957)
05-13 12:55:48.110   420   429 W System  : 	at fi.iki.elonen.NanoHTTPD$ClientHandler.run(NanoHTTPD.java:192)
05-13 12:55:48.110   420   429 W System  : 	at java.lang.Thread.run(Thread.java:919)
05-13 12:55:48.110   420   429 W System  : A resource was acquired at attached stack trace but never released. See java.io.Closeable for information on avoiding resource leaks.
05-13 12:55:48.110   420   429 W System  : java.lang.Throwable: Explicit termination method 'end' not called
05-13 12:55:48.110   420   429 W System  : 	at dalvik.system.CloseGuard.open(CloseGuard.java:237)
05-13 12:55:48.110   420   429 W System  : 	at java.util.zip.Deflater.<init>(Deflater.java:189)
05-13 12:55:48.110   420   429 W System  : 	at java.util.zip.GZIPOutputStream.<init>(GZIPOutputStream.java:90)
05-13 12:55:48.110   420   429 W System  : 	at java.util.zip.GZIPOutputStream.<init>(GZIPOutputStream.java:109)
05-13 12:55:48.110   420   429 W System  : 	at fi.iki.elonen.NanoHTTPD$Response.sendBodyWithCorrectEncoding(NanoHTTPD.java:1663)
05-13 12:55:48.110   420   429 W System  : 	at fi.iki.elonen.NanoHTTPD$Response.sendBodyWithCorrectTransferAndEncoding(NanoHTTPD.java:1654)
05-13 12:55:48.110   420   429 W System  : 	at fi.iki.elonen.NanoHTTPD$Response.send(NanoHTTPD.java:1624)
05-13 12:55:48.110   420   429 W System  : 	at fi.iki.elonen.NanoHTTPD$HTTPSession.execute(NanoHTTPD.java:957)
05-13 12:55:48.110   420   429 W System  : 	at fi.iki.elonen.NanoHTTPD$ClientHandler.run(NanoHTTPD.java:192)
05-13 12:55:48.110   420   429 W System  : 	at java.lang.Thread.run(Thread.java:919)
05-13 12:55:48.110   420   429 W System  : A resource was acquired at attached stack trace but never released. See java.io.Closeable for information on avoiding resource leaks.
05-13 12:55:48.111   420   429 W System  : java.lang.Throwable: Explicit termination method 'end' not called
05-13 12:55:48.111   420   429 W System  : 	at dalvik.system.CloseGuard.open(CloseGuard.java:237)
05-13 12:55:48.111   420   429 W System  : 	at java.util.zip.Deflater.<init>(Deflater.java:189)
05-13 12:55:48.111   420   429 W System  : 	at java.util.zip.GZIPOutputStream.<init>(GZIPOutputStream.java:90)
05-13 12:55:48.111   420   429 W System  : 	at java.util.zip.GZIPOutputStream.<init>(GZIPOutputStream.java:109)
05-13 12:55:48.111   420   429 W System  : 	at fi.iki.elonen.NanoHTTPD$Response.sendBodyWithCorrectEncoding(NanoHTTPD.java:1663)
05-13 12:55:48.111   420   429 W System  : 	at fi.iki.elonen.NanoHTTPD$Response.sendBodyWithCorrectTransferAndEncoding(NanoHTTPD.java:1654)
05-13 12:55:48.111   420   429 W System  : 	at fi.iki.elonen.NanoHTTPD$Response.send(NanoHTTPD.java:1624)
05-13 12:55:48.111   420   429 W System  : 	at fi.iki.elonen.NanoHTTPD$HTTPSession.execute(NanoHTTPD.java:957)
05-13 12:55:48.111   420   429 W System  : 	at fi.iki.elonen.NanoHTTPD$ClientHandler.run(NanoHTTPD.java:192)
05-13 12:55:48.111   420   429 W System  : 	at java.lang.Thread.run(Thread.java:919)
05-13 12:55:48.118   420   752 I AccessibilityNodeInfoDumper: Skipping invisible child: android.view.accessibility.AccessibilityNodeInfo@ea41; boundsInParent: Rect(0, 0 - 1080, 95); boundsInScreen: Rect(0, 1857 - 1080, 1920); packageName: com.android.launcher3; className: android.widget.LinearLayout; text: null; error: null; maxTextLength: -1; contentDescription: null; tooltipText: null; viewIdResName: com.android.launcher3:id/all_apps_header; checkable: false; checked: false; focusable: false; focused: false; selected: false; clickable: false; longClickable: false; contextClickable: false; enabled: true; password: false; scrollable: false; importantForAccessibility: false; visible: false; actions: [AccessibilityAction: ACTION_SELECT - null, AccessibilityAction: ACTION_CLEAR_SELECTION - null, AccessibilityAction: ACTION_ACCESSIBILITY_FOCUS - null, AccessibilityAction: ACTION_SHOW_ON_SCREEN - null]
05-13 12:55:48.118   420   752 I AccessibilityNodeInfoDumper: Skipping invisible child: android.view.accessibility.AccessibilityNodeInfo@1174d; boundsInParent: Rect(0, 0 - 197, 163); boundsInScreen: Rect(833, 1857 - 1030, 1920); packageName: com.android.launcher3; className: android.widget.TextView; text: null; error: null; maxTextLength: -1; contentDescription: null; tooltipText: null; viewIdResName: com.android.launcher3:id/fast_scroller_popup; checkable: false; checked: false; focusable: false; focused: false; selected: false; clickable: false; longClickable: false; contextClickable: false; enabled: true; password: false; scrollable: false; importantForAccessibility: false; visible: false; actions: [AccessibilityAction: ACTION_SELECT - null, AccessibilityAction: ACTION_CLEAR_SELECTION - null, AccessibilityAction: ACTION_ACCESSIBILITY_FOCUS - null, AccessibilityAction: ACTION_SHOW_ON_SCREEN - null]
05-13 12:55:48.129   420   752 I AccessibilityNodeInfoDumper: Skipping invisible child: android.view.accessibility.AccessibilityNodeInfo@20b4f; boundsInParent: Rect(0, 0 - 0, 63); boundsInScreen: Rect(540, 0 - 540, 63); packageName: com.android.systemui; className: android.widget.FrameLayout; text: null; error: null; maxTextLength: -1; contentDescription: null; tooltipText: null; viewIdResName: com.android.systemui:id/centered_icon_area; checkable: false; checked: false; focusable: false; focused: false; selected: false; clickable: false; longClickable: false; contextClickable: false; enabled: true; password: false; scrollable: false; importantForAccessibility: false; visible: false; actions: [AccessibilityAction: ACTION_SELECT - null, AccessibilityAction: ACTION_CLEAR_SELECTION - null, AccessibilityAction: ACTION_ACCESSIBILITY_FOCUS - null, AccessibilityAction: ACTION_SHOW_ON_SCREEN - null]
05-13 12:55:48.340  1614  1614 I hwservicemanager: getTransport: Cannot find entry android.hardware.graphics.mapper@3.0::IMapper/default in either framework or device manifest.
05-13 12:55:48.341   765   765 W Gralloc3: mapper 3.x is not supported
05-13 12:55:48.710 18305   775 I MediaProvider: Begin Intent { act=android.intent.action.MEDIA_SCANNER_SCAN_FILE dat=file:///sdcard/screen_2025-05-13_205549.png flg=0x1400010 cmp=com.android.providers.media/.MediaService }
05-13 12:55:48.716 18305   775 W ExifInterface: Invalid image: ExifInterface got an unsupported image format file(ExifInterface supports JPEG and some RAW image formats only) or a corrupted JPEG file to ExifInterface.
05-13 12:55:48.716 18305   775 W ExifInterface: java.io.IOException: Invalid byte order: ffff8950
05-13 12:55:48.716 18305   775 W ExifInterface: 	at android.media.ExifInterface.readByteOrder(ExifInterface.java:3121)
05-13 12:55:48.716 18305   775 W ExifInterface: 	at android.media.ExifInterface.isOrfFormat(ExifInterface.java:2437)
05-13 12:55:48.716 18305   775 W ExifInterface: 	at android.media.ExifInterface.getMimeType(ExifInterface.java:2315)
05-13 12:55:48.716 18305   775 W ExifInterface: 	at android.media.ExifInterface.loadAttributes(ExifInterface.java:1753)
05-13 12:55:48.716 18305   775 W ExifInterface: 	at android.media.ExifInterface.<init>(ExifInterface.java:1447)
05-13 12:55:48.716 18305   775 W ExifInterface: 	at com.android.providers.media.scan.ModernMediaScanner.scanItemImage(ModernMediaScanner.java:729)
05-13 12:55:48.716 18305   775 W ExifInterface: 	at com.android.providers.media.scan.ModernMediaScanner.scanItem(ModernMediaScanner.java:502)
05-13 12:55:48.716 18305   775 W ExifInterface: 	at com.android.providers.media.scan.ModernMediaScanner.access$500(ModernMediaScanner.java:118)
05-13 12:55:48.716 18305   775 W ExifInterface: 	at com.android.providers.media.scan.ModernMediaScanner$Scan.visitFile(ModernMediaScanner.java:406)
05-13 12:55:48.716 18305   775 W ExifInterface: 	at com.android.providers.media.scan.ModernMediaScanner$Scan.visitFile(ModernMediaScanner.java:207)
05-13 12:55:48.716 18305   775 W ExifInterface: 	at java.nio.file.Files.walkFileTree(Files.java:2670)
05-13 12:55:48.716 18305   775 W ExifInterface: 	at java.nio.file.Files.walkFileTree(Files.java:2742)
05-13 12:55:48.716 18305   775 W ExifInterface: 	at com.android.providers.media.scan.ModernMediaScanner$Scan.walkFileTree(ModernMediaScanner.java:267)
05-13 12:55:48.716 18305   775 W ExifInterface: 	at com.android.providers.media.scan.ModernMediaScanner$Scan.run(ModernMediaScanner.java:245)
05-13 12:55:48.716 18305   775 W ExifInterface: 	at com.android.providers.media.scan.ModernMediaScanner.scanFile(ModernMediaScanner.java:174)
05-13 12:55:48.716 18305   775 W ExifInterface: 	at com.android.providers.media.MediaService.onScanFile(MediaService.java:164)
05-13 12:55:48.716 18305   775 W ExifInterface: 	at com.android.providers.media.MediaService.onHandleIntent(MediaService.java:90)
05-13 12:55:48.716 18305   775 W ExifInterface: 	at android.app.IntentService$ServiceHandler.handleMessage(IntentService.java:78)
05-13 12:55:48.716 18305   775 W ExifInterface: 	at android.os.Handler.dispatchMessage(Handler.java:107)
05-13 12:55:48.716 18305   775 W ExifInterface: 	at android.os.Looper.loop(Looper.java:214)
