05-13 12:55:48.716 18305   775 W ExifInterface: 	at android.os.HandlerThread.run(HandlerThread.java:67)
05-13 12:55:48.717 18305   775 I MediaProvider: End Intent { act=android.intent.action.MEDIA_SCANNER_SCAN_FILE dat=file:///sdcard/screen_2025-05-13_205549.png flg=0x1400010 cmp=com.android.providers.media/.MediaService }
05-13 12:55:47.812  1992  2026 I chatty  : uid=1000(system) android.io identical 1 line
05-13 12:55:48.818  1992  2026 I DropBoxManagerService: add tag=system_server_strictmode isTagEnabled=true flags=0x2
05-13 12:55:48.985  1992 13763 I ActivityTaskManager: START u0 {act=android.intent.action.MAIN cat=[android.intent.category.LAUNCHER] flg=0x10000000 cmp=org.totschnig.myexpenses.debug/org.totschnig.myexpenses.activity.SplashActivity} from uid 0
05-13 12:55:48.995  1992 16831 W InputReader: Device has associated, but no associated display id.
05-13 12:55:48.995  1992 16831 I chatty  : uid=1000(system) Binder:1992_1F identical 8 lines
05-13 12:55:48.995  1992 16831 W InputReader: Device has associated, but no associated display id.
05-13 12:55:49.015  1992  2034 I ActivityManager: Start proc 801:org.totschnig.myexpenses.debug/u0a126 for activity {org.totschnig.myexpenses.debug/org.totschnig.myexpenses.activity.SplashActivity}
05-13 12:55:49.023   801   801 I yexpenses.debu: Late-enabling -Xcheck:jni
05-13 12:55:49.037   801   801 E yexpenses.debu: Unknown bits set in runtime_flags: 0x8000
05-13 12:55:49.038   801   801 W yexpenses.debu: Unexpected CPU variant for X86 using defaults: x86
05-13 12:55:49.070  1992 13763 W InputReader: Device has associated, but no associated display id.
05-13 12:55:49.076  1992 13763 I chatty  : uid=1000(system) Binder:1992_1A identical 28 lines
05-13 12:55:49.076  1992 13763 W InputReader: Device has associated, but no associated display id.
05-13 12:55:50.543   801   801 W yexpenses.debu: Accessing hidden method Lsun/misc/Unsafe;->addressSize()I (greylist, linking, allowed)
05-13 12:55:50.543   801   801 W yexpenses.debu: Accessing hidden method Lsun/misc/Unsafe;->allocateInstance(Ljava/lang/Class;)Ljava/lang/Object; (greylist, linking, allowed)
05-13 12:55:50.544   801   801 W yexpenses.debu: Accessing hidden method Lsun/misc/Unsafe;->allocateMemory(J)J (greylist, linking, allowed)
05-13 12:55:50.544   801   801 W yexpenses.debu: Accessing hidden method Lsun/misc/Unsafe;->arrayBaseOffset(Ljava/lang/Class;)I (greylist,core-platform-api, linking, allowed)
05-13 12:55:50.544   801   801 W yexpenses.debu: Accessing hidden method Lsun/misc/Unsafe;->arrayIndexScale(Ljava/lang/Class;)I (greylist, linking, allowed)
05-13 12:55:50.544   801   801 W yexpenses.debu: Accessing hidden method Lsun/misc/Unsafe;->compareAndSwapInt(Ljava/lang/Object;JII)Z (greylist, linking, allowed)
05-13 12:55:50.544   801   801 W yexpenses.debu: Accessing hidden method Lsun/misc/Unsafe;->compareAndSwapLong(Ljava/lang/Object;JJJ)Z (greylist, linking, allowed)
05-13 12:55:50.544   801   801 W yexpenses.debu: Accessing hidden method Lsun/misc/Unsafe;->copyMemory(JJJ)V (greylist, linking, allowed)
05-13 12:55:50.544   801   801 W yexpenses.debu: Accessing hidden method Lsun/misc/Unsafe;->getIntVolatile(Ljava/lang/Object;J)I (greylist, linking, allowed)
05-13 12:55:50.544   801   801 W yexpenses.debu: Accessing hidden method Lsun/misc/Unsafe;->getLongVolatile(Ljava/lang/Object;J)J (greylist, linking, allowed)
05-13 12:55:50.545   801   801 W yexpenses.debu: Accessing hidden method Lsun/misc/Unsafe;->getObjectVolatile(Ljava/lang/Object;J)Ljava/lang/Object; (greylist, linking, allowed)
05-13 12:55:50.545   801   801 W yexpenses.debu: Accessing hidden method Lsun/misc/Unsafe;->getBoolean(Ljava/lang/Object;J)Z (greylist, linking, allowed)
05-13 12:55:50.545   801   801 W yexpenses.debu: Accessing hidden method Lsun/misc/Unsafe;->getByte(J)B (greylist,core-platform-api, linking, allowed)
05-13 12:55:50.545   801   801 W yexpenses.debu: Accessing hidden method Lsun/misc/Unsafe;->getByte(Ljava/lang/Object;J)B (greylist,core-platform-api, linking, allowed)
05-13 12:55:50.545   801   801 W yexpenses.debu: Accessing hidden method Lsun/misc/Unsafe;->getChar(J)C (greylist, linking, allowed)
05-13 12:55:50.545   801   801 W yexpenses.debu: Accessing hidden method Lsun/misc/Unsafe;->getChar(Ljava/lang/Object;J)C (greylist, linking, allowed)
05-13 12:55:50.545   801   801 W yexpenses.debu: Accessing hidden method Lsun/misc/Unsafe;->getDouble(J)D (greylist, linking, allowed)
05-13 12:55:50.546   801   801 W yexpenses.debu: Accessing hidden method Lsun/misc/Unsafe;->getDouble(Ljava/lang/Object;J)D (greylist, linking, allowed)
05-13 12:55:50.546   801   801 W yexpenses.debu: Accessing hidden method Lsun/misc/Unsafe;->getFloat(J)F (greylist, linking, allowed)
05-13 12:55:50.546   801   801 W yexpenses.debu: Accessing hidden method Lsun/misc/Unsafe;->getFloat(Ljava/lang/Object;J)F (greylist, linking, allowed)
05-13 12:55:50.546   801   801 W yexpenses.debu: Accessing hidden method Lsun/misc/Unsafe;->getInt(J)I (greylist, linking, allowed)
05-13 12:55:50.546   801   801 W yexpenses.debu: Accessing hidden method Lsun/misc/Unsafe;->getInt(Ljava/lang/Object;J)I (greylist, linking, allowed)
05-13 12:55:50.546   801   801 W yexpenses.debu: Accessing hidden method Lsun/misc/Unsafe;->getLong(J)J (greylist,core-platform-api, linking, allowed)
05-13 12:55:50.546   801   801 W yexpenses.debu: Accessing hidden method Lsun/misc/Unsafe;->getLong(Ljava/lang/Object;J)J (greylist,core-platform-api, linking, allowed)
05-13 12:55:50.546   801   801 W yexpenses.debu: Accessing hidden method Lsun/misc/Unsafe;->getObject(Ljava/lang/Object;J)Ljava/lang/Object; (greylist, linking, allowed)
05-13 12:55:50.546   801   801 W yexpenses.debu: Accessing hidden method Lsun/misc/Unsafe;->getShort(J)S (greylist, linking, allowed)
05-13 12:55:50.546   801   801 W yexpenses.debu: Accessing hidden method Lsun/misc/Unsafe;->getShort(Ljava/lang/Object;J)S (greylist, linking, allowed)
05-13 12:55:50.547   801   801 W yexpenses.debu: Accessing hidden method Lsun/misc/Unsafe;->objectFieldOffset(Ljava/lang/reflect/Field;)J (greylist,core-platform-api, linking, allowed)
05-13 12:55:50.547   801   801 W yexpenses.debu: Accessing hidden method Lsun/misc/Unsafe;->pageSize()I (greylist, linking, allowed)
05-13 12:55:50.547   801   801 W yexpenses.debu: Accessing hidden method Lsun/misc/Unsafe;->park(ZJ)V (greylist, linking, allowed)
05-13 12:55:50.547   801   801 W yexpenses.debu: Accessing hidden method Lsun/misc/Unsafe;->putBoolean(Ljava/lang/Object;JZ)V (greylist, linking, allowed)
05-13 12:55:50.547   801   801 W yexpenses.debu: Accessing hidden method Lsun/misc/Unsafe;->putByte(JB)V (greylist,core-platform-api, linking, allowed)
05-13 12:55:50.547   801   801 W yexpenses.debu: Accessing hidden method Lsun/misc/Unsafe;->putByte(Ljava/lang/Object;JB)V (greylist,core-platform-api, linking, allowed)
05-13 12:55:50.547   801   801 W yexpenses.debu: Accessing hidden method Lsun/misc/Unsafe;->putChar(JC)V (greylist, linking, allowed)
05-13 12:55:50.547   801   801 W yexpenses.debu: Accessing hidden method Lsun/misc/Unsafe;->putChar(Ljava/lang/Object;JC)V (greylist, linking, allowed)
05-13 12:55:50.547   801   801 W yexpenses.debu: Accessing hidden method Lsun/misc/Unsafe;->putDouble(JD)V (greylist, linking, allowed)
05-13 12:55:50.548   801   801 W yexpenses.debu: Accessing hidden method Lsun/misc/Unsafe;->putDouble(Ljava/lang/Object;JD)V (greylist, linking, allowed)
05-13 12:55:50.548   801   801 W yexpenses.debu: Accessing hidden method Lsun/misc/Unsafe;->putFloat(JF)V (greylist, linking, allowed)
05-13 12:55:50.548   801   801 W yexpenses.debu: Accessing hidden method Lsun/misc/Unsafe;->putFloat(Ljava/lang/Object;JF)V (greylist, linking, allowed)
05-13 12:55:50.548   801   801 W yexpenses.debu: Accessing hidden method Lsun/misc/Unsafe;->putInt(JI)V (greylist, linking, allowed)
05-13 12:55:50.548   801   801 W yexpenses.debu: Accessing hidden method Lsun/misc/Unsafe;->putInt(Ljava/lang/Object;JI)V (greylist, linking, allowed)
05-13 12:55:50.548   801   801 W yexpenses.debu: Accessing hidden method Lsun/misc/Unsafe;->putIntVolatile(Ljava/lang/Object;JI)V (greylist, linking, allowed)
05-13 12:55:50.548   801   801 W yexpenses.debu: Accessing hidden method Lsun/misc/Unsafe;->putLong(JJ)V (greylist, linking, allowed)
05-13 12:55:50.548   801   801 W yexpenses.debu: Accessing hidden method Lsun/misc/Unsafe;->putLong(Ljava/lang/Object;JJ)V (greylist, linking, allowed)
05-13 12:55:50.549   801   801 W yexpenses.debu: Accessing hidden method Lsun/misc/Unsafe;->putLongVolatile(Ljava/lang/Object;JJ)V (greylist, linking, allowed)
05-13 12:55:50.549   801   801 W yexpenses.debu: Accessing hidden method Lsun/misc/Unsafe;->putObject(Ljava/lang/Object;JLjava/lang/Object;)V (greylist, linking, allowed)
05-13 12:55:50.549   801   801 W yexpenses.debu: Accessing hidden method Lsun/misc/Unsafe;->putObjectVolatile(Ljava/lang/Object;JLjava/lang/Object;)V (greylist, linking, allowed)
05-13 12:55:50.549   801   801 W yexpenses.debu: Accessing hidden method Lsun/misc/Unsafe;->putOrderedInt(Ljava/lang/Object;JI)V (greylist, linking, allowed)
05-13 12:55:50.549   801   801 W yexpenses.debu: Accessing hidden method Lsun/misc/Unsafe;->putOrderedLong(Ljava/lang/Object;JJ)V (greylist, linking, allowed)
05-13 12:55:50.549   801   801 W yexpenses.debu: Accessing hidden method Lsun/misc/Unsafe;->putOrderedObject(Ljava/lang/Object;JLjava/lang/Object;)V (greylist, linking, allowed)
05-13 12:55:50.549   801   801 W yexpenses.debu: Accessing hidden method Lsun/misc/Unsafe;->putShort(JS)V (greylist, linking, allowed)
05-13 12:55:50.549   801   801 W yexpenses.debu: Accessing hidden method Lsun/misc/Unsafe;->putShort(Ljava/lang/Object;JS)V (greylist, linking, allowed)
05-13 12:55:50.549   801   801 W yexpenses.debu: Accessing hidden method Lsun/misc/Unsafe;->setMemory(JJB)V (greylist, linking, allowed)
05-13 12:55:50.550   801   801 W yexpenses.debu: Accessing hidden method Lsun/misc/Unsafe;->unpark(Ljava/lang/Object;)V (greylist, linking, allowed)
05-13 12:55:50.550   801   801 W yexpenses.debu: Accessing hidden field Lsun/misc/Unsafe;->theUnsafe:Lsun/misc/Unsafe; (greylist, reflection, allowed)
05-13 12:55:50.550   801   801 W yexpenses.debu: Accessing hidden method Lsun/misc/Unsafe;->compareAndSwapObject(Ljava/lang/Object;JLjava/lang/Object;Ljava/lang/Object;)Z (greylist, linking, allowed)
05-13 12:55:50.620   801   801 W yexpenses.debu: Accessing hidden method Lsun/misc/Unsafe;->compareAndSwapInt(Ljava/lang/Object;JII)Z (greylist, linking, allowed)
05-13 12:55:50.620   801   801 W yexpenses.debu: Accessing hidden method Lsun/misc/Unsafe;->getObjectVolatile(Ljava/lang/Object;J)Ljava/lang/Object; (greylist, linking, allowed)
05-13 12:55:50.620   801   801 W yexpenses.debu: Accessing hidden method Lsun/misc/Unsafe;->compareAndSwapObject(Ljava/lang/Object;JLjava/lang/Object;Ljava/lang/Object;)Z (greylist, linking, allowed)
05-13 12:55:50.620   801   801 W yexpenses.debu: Accessing hidden method Lsun/misc/Unsafe;->compareAndSwapLong(Ljava/lang/Object;JJJ)Z (greylist, linking, allowed)
05-13 12:55:50.656   801   801 I ACRA    : ACRA is enabled for org.totschnig.myexpenses.debug, initializing...
05-13 12:55:50.859  1992 16831 W UriGrantsManagerService: No permission grants found for org.totschnig.myexpenses.debug
05-13 12:55:50.878  1761  1984 E SurfaceFlinger: ro.sf.lcd_density must be defined as a build property
05-13 12:55:50.878  1761  1984 E SurfaceFlinger: ro.sf.lcd_density must be defined as a build property
05-13 12:55:50.881   801   845 W libc    : Unable to set property "qemu.gles" to "1": connection failed; errno=13 (Permission denied)
05-13 12:55:50.875   801   801 W RenderThread: type=1400 audit(0.0:166): avc: denied { write } for name="property_service" dev="tmpfs" ino=632 scontext=u:r:untrusted_app:s0:c126,c256,c512,c768 tcontext=u:object_r:property_socket:s0 tclass=sock_file permissive=0 app=org.totschnig.myexpenses.debug
05-13 12:55:50.921   801   837 W yexpenses.debu: Accessing hidden method Lsun/misc/Unsafe;->compareAndSwapObject(Ljava/lang/Object;JLjava/lang/Object;Ljava/lang/Object;)Z (greylist, linking, allowed)
05-13 12:55:50.929  1992  5005 I ActivityTaskManager: START u0 {flg=0x20000 cmp=org.totschnig.myexpenses.debug/org.totschnig.myexpenses.activity.OnboardingActivity} from uid 10126
05-13 12:55:50.915  1992  1992 W Binder:1992_1F: type=1400 audit(0.0:167): avc: denied { read open } for path="/mnt/media_rw/0000-0000/Android/data" dev="vdf" ino=51 scontext=u:r:system_server:s0 tcontext=u:object_r:vfat:s0 tclass=dir permissive=0
05-13 12:55:50.959  1992 16831 W InputReader: Device has associated, but no associated display id.
05-13 12:55:50.962  1992 16831 I chatty  : uid=1000(system) Binder:1992_1F identical 48 lines
05-13 12:55:50.962  1992 16831 W InputReader: Device has associated, but no associated display id.
05-13 12:55:50.965   801   801 W ActivityThread: handleWindowVisibility: no activity for token android.os.BinderProxy@d76211c
05-13 12:55:51.267   801   847 W yexpenses.debu: Verification of double[] kotlin.collections.ArraysKt___ArraysKt.toDoubleArray(java.lang.Double[]) took 226.060ms
05-13 12:55:51.503   801   801 W yexpenses.debu: Verification of void org.totschnig.myexpenses.activity.BaseActivity$special$$inlined$viewModels$default$9.<init>(kotlin.jvm.functions.Function0, androidx.activity.ComponentActivity) took 212.579ms
05-13 12:55:51.523   801   814 I yexpenses.debu: Background young concurrent copying GC freed 134616(11MB) AllocSpace objects, 24(1940KB) LOS objects, 60% free, 4006KB/10150KB, paused 745us total 485.004ms
05-13 12:55:51.607   801   801 W yexpenses.debu: Accessing hidden method Lsun/misc/Unsafe;->putObjectVolatile(Ljava/lang/Object;JLjava/lang/Object;)V (greylist, linking, allowed)
05-13 12:55:51.781   801   801 W yexpenses.debu: Accessing hidden method Landroid/view/ViewGroup;->makeOptionalFitsSystemWindows()V (greylist, reflection, allowed)
05-13 12:55:51.805   801   801 I BaseCrashHandler: Breadcrumb: OnboardingActivity
05-13 12:55:51.812  1992  2032 E system_server: No package ID 7f found for ID 0x7f08011e.
05-13 12:55:51.812  1992  2032 E system_server: No package ID 7f found for ID 0x7f120edc.
05-13 12:55:51.816  1992  1992 I RoleManagerService: Granting default permissions...
05-13 12:55:51.836  1992  2097 I InputReader: Reconfiguring input devices.  changes=0x00000010
05-13 12:55:51.861  1992  2032 W VoiceInteractionManagerService: no available voice interaction services found for user 0
05-13 12:55:51.872  1992  1992 I Telecom : DefaultDialerCache: Refreshing default dialer for user 0: now com.android.dialer: DDC.oR@ANg
05-13 12:55:52.038   420   864 W QueryController: Could not detect idle state.
05-13 12:55:52.041   420   864 W QueryController: Could not detect idle state.
05-13 12:55:52.055   420   864 I AccessibilityNodeInfoDumper: Skipping invisible child: android.view.accessibility.AccessibilityNodeInfo@ea41; boundsInParent: Rect(0, 0 - 1080, 95); boundsInScreen: Rect(0, 1857 - 1080, 1920); packageName: com.android.launcher3; className: android.widget.LinearLayout; text: null; error: null; maxTextLength: -1; contentDescription: null; tooltipText: null; viewIdResName: com.android.launcher3:id/all_apps_header; checkable: false; checked: false; focusable: false; focused: false; selected: false; clickable: false; longClickable: false; contextClickable: false; enabled: true; password: false; scrollable: false; importantForAccessibility: false; visible: false; actions: [AccessibilityAction: ACTION_SELECT - null, AccessibilityAction: ACTION_CLEAR_SELECTION - null, AccessibilityAction: ACTION_ACCESSIBILITY_FOCUS - null, AccessibilityAction: ACTION_SHOW_ON_SCREEN - null]
05-13 12:55:52.055   420   864 I AccessibilityNodeInfoDumper: Skipping invisible child: android.view.accessibility.AccessibilityNodeInfo@1174d; boundsInParent: Rect(0, 0 - 197, 163); boundsInScreen: Rect(833, 1857 - 1030, 1920); packageName: com.android.launcher3; className: android.widget.TextView; text: null; error: null; maxTextLength: -1; contentDescription: null; tooltipText: null; viewIdResName: com.android.launcher3:id/fast_scroller_popup; checkable: false; checked: false; focusable: false; focused: false; selected: false; clickable: false; longClickable: false; contextClickable: false; enabled: true; password: false; scrollable: false; importantForAccessibility: false; visible: false; actions: [AccessibilityAction: ACTION_SELECT - null, AccessibilityAction: ACTION_CLEAR_SELECTION - null, AccessibilityAction: ACTION_ACCESSIBILITY_FOCUS - null, AccessibilityAction: ACTION_SHOW_ON_SCREEN - null]
05-13 12:55:52.062   420   864 I AccessibilityNodeInfoDumper: Skipping invisible child: android.view.accessibility.AccessibilityNodeInfo@20b4f; boundsInParent: Rect(0, 0 - 0, 63); boundsInScreen: Rect(540, 0 - 540, 63); packageName: com.android.systemui; className: android.widget.FrameLayout; text: null; error: null; maxTextLength: -1; contentDescription: null; tooltipText: null; viewIdResName: com.android.systemui:id/centered_icon_area; checkable: false; checked: false; focusable: false; focused: false; selected: false; clickable: false; longClickable: false; contextClickable: false; enabled: true; password: false; scrollable: false; importantForAccessibility: false; visible: false; actions: [AccessibilityAction: ACTION_SELECT - null, AccessibilityAction: ACTION_CLEAR_SELECTION - null, AccessibilityAction: ACTION_ACCESSIBILITY_FOCUS - null, AccessibilityAction: ACTION_SHOW_ON_SCREEN - null]
05-13 12:55:52.282  1992  2032 I RoleUserState: Wrote roles.xml successfully
05-13 12:55:52.471  1614  1614 I hwservicemanager: getTransport: Cannot find entry android.hardware.graphics.mapper@3.0::IMapper/default in either framework or device manifest.
05-13 12:55:52.471   877   877 W Gralloc3: mapper 3.x is not supported
05-13 12:55:52.588  1992  2784 E TaskPersister: File error accessing recents directory (directory doesn't exist?).
05-13 12:55:52.934   801   801 W yexpenses.debu: Accessing hidden method Landroid/content/res/Resources$Theme;->getKey()Landroid/content/res/Resources$ThemeKey; (greylist-max-o, reflection, denied)
05-13 12:55:52.938 18305   887 I MediaProvider: Begin Intent { act=android.intent.action.MEDIA_SCANNER_SCAN_FILE dat=file:///sdcard/screen_2025-05-13_205553.png flg=0x1400010 cmp=com.android.providers.media/.MediaService }
05-13 12:55:52.943 18305   887 W ExifInterface: Invalid image: ExifInterface got an unsupported image format file(ExifInterface supports JPEG and some RAW image formats only) or a corrupted JPEG file to ExifInterface.
05-13 12:55:52.943 18305   887 W ExifInterface: java.io.IOException: Invalid byte order: ffff8950
05-13 12:55:52.943 18305   887 W ExifInterface: 	at android.media.ExifInterface.readByteOrder(ExifInterface.java:3121)
05-13 12:55:52.943 18305   887 W ExifInterface: 	at android.media.ExifInterface.isOrfFormat(ExifInterface.java:2437)
05-13 12:55:52.943 18305   887 W ExifInterface: 	at android.media.ExifInterface.getMimeType(ExifInterface.java:2315)
05-13 12:55:52.943 18305   887 W ExifInterface: 	at android.media.ExifInterface.loadAttributes(ExifInterface.java:1753)
05-13 12:55:52.943 18305   887 W ExifInterface: 	at android.media.ExifInterface.<init>(ExifInterface.java:1447)
05-13 12:55:52.943 18305   887 W ExifInterface: 	at com.android.providers.media.scan.ModernMediaScanner.scanItemImage(ModernMediaScanner.java:729)
05-13 12:55:52.943 18305   887 W ExifInterface: 	at com.android.providers.media.scan.ModernMediaScanner.scanItem(ModernMediaScanner.java:502)
05-13 12:55:52.943 18305   887 W ExifInterface: 	at com.android.providers.media.scan.ModernMediaScanner.access$500(ModernMediaScanner.java:118)
05-13 12:55:52.943 18305   887 W ExifInterface: 	at com.android.providers.media.scan.ModernMediaScanner$Scan.visitFile(ModernMediaScanner.java:406)
05-13 12:55:52.943 18305   887 W ExifInterface: 	at com.android.providers.media.scan.ModernMediaScanner$Scan.visitFile(ModernMediaScanner.java:207)
05-13 12:55:52.943 18305   887 W ExifInterface: 	at java.nio.file.Files.walkFileTree(Files.java:2670)
05-13 12:55:52.943 18305   887 W ExifInterface: 	at java.nio.file.Files.walkFileTree(Files.java:2742)
05-13 12:55:52.943 18305   887 W ExifInterface: 	at com.android.providers.media.scan.ModernMediaScanner$Scan.walkFileTree(ModernMediaScanner.java:267)
05-13 12:55:52.943 18305   887 W ExifInterface: 	at com.android.providers.media.scan.ModernMediaScanner$Scan.run(ModernMediaScanner.java:245)
05-13 12:55:52.943 18305   887 W ExifInterface: 	at com.android.providers.media.scan.ModernMediaScanner.scanFile(ModernMediaScanner.java:174)
05-13 12:55:52.943 18305   887 W ExifInterface: 	at com.android.providers.media.MediaService.onScanFile(MediaService.java:164)
05-13 12:55:52.943 18305   887 W ExifInterface: 	at com.android.providers.media.MediaService.onHandleIntent(MediaService.java:90)
05-13 12:55:52.943 18305   887 W ExifInterface: 	at android.app.IntentService$ServiceHandler.handleMessage(IntentService.java:78)
05-13 12:55:52.943 18305   887 W ExifInterface: 	at android.os.Handler.dispatchMessage(Handler.java:107)
05-13 12:55:52.943 18305   887 W ExifInterface: 	at android.os.Looper.loop(Looper.java:214)
05-13 12:55:52.943 18305   887 W ExifInterface: 	at android.os.HandlerThread.run(HandlerThread.java:67)
05-13 12:55:52.947 18305   887 I MediaProvider: End Intent { act=android.intent.action.MEDIA_SCANNER_SCAN_FILE dat=file:///sdcard/screen_2025-05-13_205553.png flg=0x1400010 cmp=com.android.providers.media/.MediaService }
05-13 12:55:53.083  1992  2026 I DropBoxManagerService: add tag=system_server_strictmode isTagEnabled=true flags=0x2
05-13 12:55:53.097   801   801 W yexpenses.debu: Class androidx.compose.runtime.snapshots.SnapshotStateList failed lock verification and will run slower.
05-13 12:55:53.097   801   801 W yexpenses.debu: Common causes for lock verification issues are non-optimized dex code
05-13 12:55:53.097   801   801 W yexpenses.debu: and incorrect proguard optimizations.
05-13 12:55:53.276   420   906 W QueryController: Could not detect idle state.
05-13 12:55:53.277   420   906 W QueryController: Could not detect idle state.
05-13 12:55:53.290   420   906 I AccessibilityNodeInfoDumper: Skipping invisible child: android.view.accessibility.AccessibilityNodeInfo@ea41; boundsInParent: Rect(0, 0 - 1080, 95); boundsInScreen: Rect(0, 1857 - 1080, 1920); packageName: com.android.launcher3; className: android.widget.LinearLayout; text: null; error: null; maxTextLength: -1; contentDescription: null; tooltipText: null; viewIdResName: com.android.launcher3:id/all_apps_header; checkable: false; checked: false; focusable: false; focused: false; selected: false; clickable: false; longClickable: false; contextClickable: false; enabled: true; password: false; scrollable: false; importantForAccessibility: false; visible: false; actions: [AccessibilityAction: ACTION_SELECT - null, AccessibilityAction: ACTION_CLEAR_SELECTION - null, AccessibilityAction: ACTION_ACCESSIBILITY_FOCUS - null, AccessibilityAction: ACTION_SHOW_ON_SCREEN - null]
05-13 12:55:53.290   420   906 I AccessibilityNodeInfoDumper: Skipping invisible child: android.view.accessibility.AccessibilityNodeInfo@1174d; boundsInParent: Rect(0, 0 - 197, 163); boundsInScreen: Rect(833, 1857 - 1030, 1920); packageName: com.android.launcher3; className: android.widget.TextView; text: null; error: null; maxTextLength: -1; contentDescription: null; tooltipText: null; viewIdResName: com.android.launcher3:id/fast_scroller_popup; checkable: false; checked: false; focusable: false; focused: false; selected: false; clickable: false; longClickable: false; contextClickable: false; enabled: true; password: false; scrollable: false; importantForAccessibility: false; visible: false; actions: [AccessibilityAction: ACTION_SELECT - null, AccessibilityAction: ACTION_CLEAR_SELECTION - null, AccessibilityAction: ACTION_ACCESSIBILITY_FOCUS - null, AccessibilityAction: ACTION_SHOW_ON_SCREEN - null]
05-13 12:55:53.298   420   906 I AccessibilityNodeInfoDumper: Skipping invisible child: android.view.accessibility.AccessibilityNodeInfo@20b4f; boundsInParent: Rect(0, 0 - 0, 63); boundsInScreen: Rect(540, 0 - 540, 63); packageName: com.android.systemui; className: android.widget.FrameLayout; text: null; error: null; maxTextLength: -1; contentDescription: null; tooltipText: null; viewIdResName: com.android.systemui:id/centered_icon_area; checkable: false; checked: false; focusable: false; focused: false; selected: false; clickable: false; longClickable: false; contextClickable: false; enabled: true; password: false; scrollable: false; importantForAccessibility: false; visible: false; actions: [AccessibilityAction: ACTION_SELECT - null, AccessibilityAction: ACTION_CLEAR_SELECTION - null, AccessibilityAction: ACTION_ACCESSIBILITY_FOCUS - null, AccessibilityAction: ACTION_SHOW_ON_SCREEN - null]
05-13 12:55:53.514  1614  1614 I hwservicemanager: getTransport: Cannot find entry android.hardware.graphics.mapper@3.0::IMapper/default in either framework or device manifest.
05-13 12:55:53.515   919   919 W Gralloc3: mapper 3.x is not supported
05-13 12:55:53.997 18305   931 I MediaProvider: Begin Intent { act=android.intent.action.MEDIA_SCANNER_SCAN_FILE dat=file:///sdcard/screen_2025-05-13_205554.png flg=0x1400010 cmp=com.android.providers.media/.MediaService }
05-13 12:55:54.005   801   801 I FractionDigitsInputFilter: parts: , 
05-13 12:55:54.017 18305   931 W ExifInterface: Invalid image: ExifInterface got an unsupported image format file(ExifInterface supports JPEG and some RAW image formats only) or a corrupted JPEG file to ExifInterface.
05-13 12:55:54.017 18305   931 W ExifInterface: java.io.IOException: Invalid byte order: ffff8950
05-13 12:55:54.017 18305   931 W ExifInterface: 	at android.media.ExifInterface.readByteOrder(ExifInterface.java:3121)
05-13 12:55:54.017 18305   931 W ExifInterface: 	at android.media.ExifInterface.isOrfFormat(ExifInterface.java:2437)
05-13 12:55:54.017 18305   931 W ExifInterface: 	at android.media.ExifInterface.getMimeType(ExifInterface.java:2315)
05-13 12:55:54.017 18305   931 W ExifInterface: 	at android.media.ExifInterface.loadAttributes(ExifInterface.java:1753)
05-13 12:55:54.017 18305   931 W ExifInterface: 	at android.media.ExifInterface.<init>(ExifInterface.java:1447)
05-13 12:55:54.017 18305   931 W ExifInterface: 	at com.android.providers.media.scan.ModernMediaScanner.scanItemImage(ModernMediaScanner.java:729)
05-13 12:55:54.017 18305   931 W ExifInterface: 	at com.android.providers.media.scan.ModernMediaScanner.scanItem(ModernMediaScanner.java:502)
05-13 12:55:54.017 18305   931 W ExifInterface: 	at com.android.providers.media.scan.ModernMediaScanner.access$500(ModernMediaScanner.java:118)
05-13 12:55:54.017 18305   931 W ExifInterface: 	at com.android.providers.media.scan.ModernMediaScanner$Scan.visitFile(ModernMediaScanner.java:406)
05-13 12:55:54.017 18305   931 W ExifInterface: 	at com.android.providers.media.scan.ModernMediaScanner$Scan.visitFile(ModernMediaScanner.java:207)
05-13 12:55:54.017 18305   931 W ExifInterface: 	at java.nio.file.Files.walkFileTree(Files.java:2670)
05-13 12:55:54.017 18305   931 W ExifInterface: 	at java.nio.file.Files.walkFileTree(Files.java:2742)
05-13 12:55:54.017 18305   931 W ExifInterface: 	at com.android.providers.media.scan.ModernMediaScanner$Scan.walkFileTree(ModernMediaScanner.java:267)
05-13 12:55:54.017 18305   931 W ExifInterface: 	at com.android.providers.media.scan.ModernMediaScanner$Scan.run(ModernMediaScanner.java:245)
05-13 12:55:54.017 18305   931 W ExifInterface: 	at com.android.providers.media.scan.ModernMediaScanner.scanFile(ModernMediaScanner.java:174)
05-13 12:55:54.017 18305   931 W ExifInterface: 	at com.android.providers.media.MediaService.onScanFile(MediaService.java:164)
05-13 12:55:54.017 18305   931 W ExifInterface: 	at com.android.providers.media.MediaService.onHandleIntent(MediaService.java:90)
05-13 12:55:54.017 18305   931 W ExifInterface: 	at android.app.IntentService$ServiceHandler.handleMessage(IntentService.java:78)
05-13 12:55:54.017 18305   931 W ExifInterface: 	at android.os.Handler.dispatchMessage(Handler.java:107)
05-13 12:55:54.017 18305   931 W ExifInterface: 	at android.os.Looper.loop(Looper.java:214)
05-13 12:55:54.017 18305   931 W ExifInterface: 	at android.os.HandlerThread.run(HandlerThread.java:67)
05-13 12:55:54.037   933   933 W putmethod.lati: Unexpected CPU variant for X86 using defaults: x86
05-13 12:55:54.039  1992  2034 I ActivityManager: Start proc 933:com.android.inputmethod.latin/u0a115 for service {com.android.inputmethod.latin/com.android.inputmethod.latin.spellcheck.AndroidSpellCheckerService}
05-13 12:55:54.079 18305   931 I MediaProvider: End Intent { act=android.intent.action.MEDIA_SCANNER_SCAN_FILE dat=file:///sdcard/screen_2025-05-13_205554.png flg=0x1400010 cmp=com.android.providers.media/.MediaService }
05-13 12:55:54.183  1992  2026 I DropBoxManagerService: add tag=system_server_strictmode isTagEnabled=true flags=0x2
05-13 12:55:54.326   801   801 W yexpenses.debu: Verification of android.text.StaticLayout androidx.compose.ui.text.android.StaticLayoutFactory.create$default(androidx.compose.ui.text.android.StaticLayoutFactory, java.lang.CharSequence, android.text.TextPaint, int, int, int, android.text.TextDirectionHeuristic, android.text.Layout$Alignment, int, android.text.TextUtils$TruncateAt, int, float, float, int, boolean, boolean, int, int, int, int, int[], int[], int, java.lang.Object) took 159.457ms
05-13 12:55:54.383   933   933 I putmethod.lati: The ClassLoaderContext is a special shared library.
05-13 12:55:54.433   420   989 W QueryController: Could not detect idle state.
05-13 12:55:54.433   420   989 W QueryController: Could not detect idle state.
05-13 12:55:54.446   420   989 I AccessibilityNodeInfoDumper: Skipping invisible child: android.view.accessibility.AccessibilityNodeInfo@ea41; boundsInParent: Rect(0, 0 - 1080, 95); boundsInScreen: Rect(0, 1857 - 1080, 1920); packageName: com.android.launcher3; className: android.widget.LinearLayout; text: null; error: null; maxTextLength: -1; contentDescription: null; tooltipText: null; viewIdResName: com.android.launcher3:id/all_apps_header; checkable: false; checked: false; focusable: false; focused: false; selected: false; clickable: false; longClickable: false; contextClickable: false; enabled: true; password: false; scrollable: false; importantForAccessibility: false; visible: false; actions: [AccessibilityAction: ACTION_SELECT - null, AccessibilityAction: ACTION_CLEAR_SELECTION - null, AccessibilityAction: ACTION_ACCESSIBILITY_FOCUS - null, AccessibilityAction: ACTION_SHOW_ON_SCREEN - null]
05-13 12:55:54.446   420   989 I AccessibilityNodeInfoDumper: Skipping invisible child: android.view.accessibility.AccessibilityNodeInfo@1174d; boundsInParent: Rect(0, 0 - 197, 163); boundsInScreen: Rect(833, 1857 - 1030, 1920); packageName: com.android.launcher3; className: android.widget.TextView; text: null; error: null; maxTextLength: -1; contentDescription: null; tooltipText: null; viewIdResName: com.android.launcher3:id/fast_scroller_popup; checkable: false; checked: false; focusable: false; focused: false; selected: false; clickable: false; longClickable: false; contextClickable: false; enabled: true; password: false; scrollable: false; importantForAccessibility: false; visible: false; actions: [AccessibilityAction: ACTION_SELECT - null, AccessibilityAction: ACTION_CLEAR_SELECTION - null, AccessibilityAction: ACTION_ACCESSIBILITY_FOCUS - null, AccessibilityAction: ACTION_SHOW_ON_SCREEN - null]
05-13 12:55:54.456   420   429 W System  : A resource was acquired at attached stack trace but never released. See java.io.Closeable for information on avoiding resource leaks.
05-13 12:55:54.456   420   429 W System  : java.lang.Throwable: Explicit termination method 'end' not called
05-13 12:55:54.456   420   429 W System  : 	at dalvik.system.CloseGuard.open(CloseGuard.java:237)
05-13 12:55:54.456   420   429 W System  : 	at java.util.zip.Deflater.<init>(Deflater.java:189)
05-13 12:55:54.456   420   429 W System  : 	at java.util.zip.GZIPOutputStream.<init>(GZIPOutputStream.java:90)
05-13 12:55:54.456   420   429 W System  : 	at java.util.zip.GZIPOutputStream.<init>(GZIPOutputStream.java:109)
05-13 12:55:54.456   420   429 W System  : 	at fi.iki.elonen.NanoHTTPD$Response.sendBodyWithCorrectEncoding(NanoHTTPD.java:1663)
05-13 12:55:54.456   420   429 W System  : 	at fi.iki.elonen.NanoHTTPD$Response.sendBodyWithCorrectTransferAndEncoding(NanoHTTPD.java:1654)
05-13 12:55:54.456   420   429 W System  : 	at fi.iki.elonen.NanoHTTPD$Response.send(NanoHTTPD.java:1624)
05-13 12:55:54.456   420   429 W System  : 	at fi.iki.elonen.NanoHTTPD$HTTPSession.execute(NanoHTTPD.java:957)
05-13 12:55:54.456   420   429 W System  : 	at fi.iki.elonen.NanoHTTPD$ClientHandler.run(NanoHTTPD.java:192)
05-13 12:55:54.456   420   429 W System  : 	at java.lang.Thread.run(Thread.java:919)
05-13 12:55:54.457   420   989 I AccessibilityNodeInfoDumper: Skipping invisible child: android.view.accessibility.AccessibilityNodeInfo@20b4f; boundsInParent: Rect(0, 0 - 0, 63); boundsInScreen: Rect(540, 0 - 540, 63); packageName: com.android.systemui; className: android.widget.FrameLayout; text: null; error: null; maxTextLength: -1; contentDescription: null; tooltipText: null; viewIdResName: com.android.systemui:id/centered_icon_area; checkable: false; checked: false; focusable: false; focused: false; selected: false; clickable: false; longClickable: false; contextClickable: false; enabled: true; password: false; scrollable: false; importantForAccessibility: false; visible: false; actions: [AccessibilityAction: ACTION_SELECT - null, AccessibilityAction: ACTION_CLEAR_SELECTION - null, AccessibilityAction: ACTION_ACCESSIBILITY_FOCUS - null, AccessibilityAction: ACTION_SHOW_ON_SCREEN - null]
05-13 12:55:54.457   420   429 W System  : A resource was acquired at attached stack trace but never released. See java.io.Closeable for information on avoiding resource leaks.
05-13 12:55:54.457   420   429 W System  : java.lang.Throwable: Explicit termination method 'end' not called
05-13 12:55:54.457   420   429 W System  : 	at dalvik.system.CloseGuard.open(CloseGuard.java:237)
05-13 12:55:54.457   420   429 W System  : 	at java.util.zip.Deflater.<init>(Deflater.java:189)
05-13 12:55:54.457   420   429 W System  : 	at java.util.zip.GZIPOutputStream.<init>(GZIPOutputStream.java:90)
05-13 12:55:54.457   420   429 W System  : 	at java.util.zip.GZIPOutputStream.<init>(GZIPOutputStream.java:109)
05-13 12:55:54.457   420   429 W System  : 	at fi.iki.elonen.NanoHTTPD$Response.sendBodyWithCorrectEncoding(NanoHTTPD.java:1663)
05-13 12:55:54.457   420   429 W System  : 	at fi.iki.elonen.NanoHTTPD$Response.sendBodyWithCorrectTransferAndEncoding(NanoHTTPD.java:1654)
05-13 12:55:54.457   420   429 W System  : 	at fi.iki.elonen.NanoHTTPD$Response.send(NanoHTTPD.java:1624)
05-13 12:55:54.457   420   429 W System  : 	at fi.iki.elonen.NanoHTTPD$HTTPSession.execute(NanoHTTPD.java:957)
05-13 12:55:54.457   420   429 W System  : 	at fi.iki.elonen.NanoHTTPD$ClientHandler.run(NanoHTTPD.java:192)
05-13 12:55:54.457   420   429 W System  : 	at java.lang.Thread.run(Thread.java:919)
05-13 12:55:54.457   420   429 W System  : A resource was acquired at attached stack trace but never released. See java.io.Closeable for information on avoiding resource leaks.
05-13 12:55:54.457   420   429 W System  : java.lang.Throwable: Explicit termination method 'end' not called
05-13 12:55:54.457   420   429 W System  : 	at dalvik.system.CloseGuard.open(CloseGuard.java:237)
05-13 12:55:54.457   420   429 W System  : 	at java.util.zip.Deflater.<init>(Deflater.java:189)
05-13 12:55:54.457   420   429 W System  : 	at java.util.zip.GZIPOutputStream.<init>(GZIPOutputStream.java:90)
05-13 12:55:54.457   420   429 W System  : 	at java.util.zip.GZIPOutputStream.<init>(GZIPOutputStream.java:109)
05-13 12:55:54.457   420   429 W System  : 	at fi.iki.elonen.NanoHTTPD$Response.sendBodyWithCorrectEncoding(NanoHTTPD.java:1663)
05-13 12:55:54.457   420   429 W System  : 	at fi.iki.elonen.NanoHTTPD$Response.sendBodyWithCorrectTransferAndEncoding(NanoHTTPD.java:1654)
05-13 12:55:54.457   420   429 W System  : 	at fi.iki.elonen.NanoHTTPD$Response.send(NanoHTTPD.java:1624)
05-13 12:55:54.457   420   429 W System  : 	at fi.iki.elonen.NanoHTTPD$HTTPSession.execute(NanoHTTPD.java:957)
05-13 12:55:54.457   420   429 W System  : 	at fi.iki.elonen.NanoHTTPD$ClientHandler.run(NanoHTTPD.java:192)
05-13 12:55:54.457   420   429 W System  : 	at java.lang.Thread.run(Thread.java:919)
05-13 12:55:54.606  1614  1614 I hwservicemanager: getTransport: Cannot find entry android.hardware.graphics.mapper@3.0::IMapper/default in either framework or device manifest.
05-13 12:55:54.606   801   844 W Gralloc3: mapper 3.x is not supported
05-13 12:55:54.640  1746  2664 I chatty  : uid=1000(system) HwBinder:1746_2 identical 1 line
05-13 12:55:54.735  1614  1614 I hwservicemanager: getTransport: Cannot find entry android.hardware.graphics.mapper@3.0::IMapper/default in either framework or device manifest.
05-13 12:55:54.736  1004  1004 W Gralloc3: mapper 3.x is not supported
05-13 12:55:55.480   801   844 I OpenGLRenderer: Davey! duration=3658ms; Flags=1, IntendedVsync=12595756781425, Vsync=12595756781425, OldestInputEvent=9223372036854775807, NewestInputEvent=0, HandleInputStart=12595767686700, AnimationStart=12595767775200, PerformTraversalsStart=12595767820000, DrawStart=12598593993500, SyncQueued=12598673256900, SyncStart=12598674121700, IssueDrawCommandsStart=12598675416100, SwapBuffers=12599356777800, FrameCompleted=12599416588600, DequeueBufferDuration=533000, QueueBufferDuration=903000, 
05-13 12:55:55.483   801   801 I Choreographer: Skipped 190 frames!  The application may be doing too much work on its main thread.
05-13 12:55:55.489  1992  2028 W InputReader: Device has associated, but no associated display id.
05-13 12:55:55.489  1992  2028 I chatty  : uid=1000(system) android.anim identical 8 lines
05-13 12:55:55.489  1992  2028 W InputReader: Device has associated, but no associated display id.
05-13 12:55:55.506  1992  2032 I ActivityTaskManager: Displayed org.totschnig.myexpenses.debug/org.totschnig.myexpenses.activity.OnboardingActivity: +6s505ms
05-13 12:55:55.528   801   844 I OpenGLRenderer: Davey! duration=3222ms; Flags=0, IntendedVsync=12596240143144, Vsync=12599406809684, OldestInputEvent=9223372036854775807, NewestInputEvent=0, HandleInputStart=12599419786000, AnimationStart=12599419849400, PerformTraversalsStart=12599438401700, DrawStart=12599439167100, SyncQueued=12599443842500, SyncStart=12599446206300, IssueDrawCommandsStart=12599446348400, SwapBuffers=12599451313500, FrameCompleted=12599464687600, DequeueBufferDuration=441000, QueueBufferDuration=1090000, 
05-13 12:55:55.647  1714  1960 I netd    : trafficSwapActiveStatsMap() <37.42ms>
05-13 12:55:55.657  1714  1960 I netd    : tetherGetStats() <8.41ms>
05-13 12:55:55.789 18305  1023 I MediaProvider: Begin Intent { act=android.intent.action.MEDIA_SCANNER_SCAN_FILE dat=file:///sdcard/screen_2025-05-13_205555.png flg=0x1400010 cmp=com.android.providers.media/.MediaService }
05-13 12:55:55.828 18305  1023 W ExifInterface: Invalid image: ExifInterface got an unsupported image format file(ExifInterface supports JPEG and some RAW image formats only) or a corrupted JPEG file to ExifInterface.
05-13 12:55:55.828 18305  1023 W ExifInterface: java.io.IOException: Invalid byte order: ffff8950
05-13 12:55:55.828 18305  1023 W ExifInterface: 	at android.media.ExifInterface.readByteOrder(ExifInterface.java:3121)
05-13 12:55:55.828 18305  1023 W ExifInterface: 	at android.media.ExifInterface.isOrfFormat(ExifInterface.java:2437)
05-13 12:55:55.828 18305  1023 W ExifInterface: 	at android.media.ExifInterface.getMimeType(ExifInterface.java:2315)
05-13 12:55:55.828 18305  1023 W ExifInterface: 	at android.media.ExifInterface.loadAttributes(ExifInterface.java:1753)
05-13 12:55:55.828 18305  1023 W ExifInterface: 	at android.media.ExifInterface.<init>(ExifInterface.java:1447)
05-13 12:55:55.828 18305  1023 W ExifInterface: 	at com.android.providers.media.scan.ModernMediaScanner.scanItemImage(ModernMediaScanner.java:729)
05-13 12:55:55.828 18305  1023 W ExifInterface: 	at com.android.providers.media.scan.ModernMediaScanner.scanItem(ModernMediaScanner.java:502)
05-13 12:55:55.828 18305  1023 W ExifInterface: 	at com.android.providers.media.scan.ModernMediaScanner.access$500(ModernMediaScanner.java:118)
05-13 12:55:55.828 18305  1023 W ExifInterface: 	at com.android.providers.media.scan.ModernMediaScanner$Scan.visitFile(ModernMediaScanner.java:406)
05-13 12:55:55.828 18305  1023 W ExifInterface: 	at com.android.providers.media.scan.ModernMediaScanner$Scan.visitFile(ModernMediaScanner.java:207)
05-13 12:55:55.828 18305  1023 W ExifInterface: 	at java.nio.file.Files.walkFileTree(Files.java:2670)
05-13 12:55:55.828 18305  1023 W ExifInterface: 	at java.nio.file.Files.walkFileTree(Files.java:2742)
05-13 12:55:55.828 18305  1023 W ExifInterface: 	at com.android.providers.media.scan.ModernMediaScanner$Scan.walkFileTree(ModernMediaScanner.java:267)
05-13 12:55:55.828 18305  1023 W ExifInterface: 	at com.android.providers.media.scan.ModernMediaScanner$Scan.run(ModernMediaScanner.java:245)
05-13 12:55:55.828 18305  1023 W ExifInterface: 	at com.android.providers.media.scan.ModernMediaScanner.scanFile(ModernMediaScanner.java:174)
05-13 12:55:55.828 18305  1023 W ExifInterface: 	at com.android.providers.media.MediaService.onScanFile(MediaService.java:164)
05-13 12:55:55.828 18305  1023 W ExifInterface: 	at com.android.providers.media.MediaService.onHandleIntent(MediaService.java:90)
05-13 12:55:55.828 18305  1023 W ExifInterface: 	at android.app.IntentService$ServiceHandler.handleMessage(IntentService.java:78)
05-13 12:55:55.828 18305  1023 W ExifInterface: 	at android.os.Handler.dispatchMessage(Handler.java:107)
05-13 12:55:55.828 18305  1023 W ExifInterface: 	at android.os.Looper.loop(Looper.java:214)
05-13 12:55:55.828 18305  1023 W ExifInterface: 	at android.os.HandlerThread.run(HandlerThread.java:67)
05-13 12:55:55.836 18305  1023 I MediaProvider: End Intent { act=android.intent.action.MEDIA_SCANNER_SCAN_FILE dat=file:///sdcard/screen_2025-05-13_205555.png flg=0x1400010 cmp=com.android.providers.media/.MediaService }
05-13 12:55:55.988  1992  2026 I DropBoxManagerService: add tag=system_server_strictmode isTagEnabled=true flags=0x2
05-13 12:55:56.130  1992  2038 E BluetoothAdapter: Bluetooth binder is null
05-13 12:55:56.234  1714  1960 I netd    : trafficSwapActiveStatsMap() <87.43ms>
05-13 12:55:56.236  1714  1960 I netd    : tetherGetStats() <0.70ms>
05-13 12:55:57.777   420  1054 W QueryController: Could not detect idle state.
05-13 12:55:57.778   420  1054 W QueryController: Could not detect idle state.
05-13 12:55:57.891   420  1054 I AccessibilityNodeInfoDumper: Skipping invisible child: android.view.accessibility.AccessibilityNodeInfo@f1c8; boundsInParent: Rect(0, 0 - 1080, 1731); boundsInScreen: Rect(1080, 63 - 1080, 1794); packageName: org.totschnig.myexpenses.debug; className: android.widget.FrameLayout; text: null; error: null; maxTextLength: -1; contentDescription: null; tooltipText: null; viewIdResName: org.totschnig.myexpenses.debug:id/setup_wizard_layout; checkable: false; checked: false; focusable: false; focused: false; selected: false; clickable: false; longClickable: false; contextClickable: false; enabled: true; password: false; scrollable: false; importantForAccessibility: false; visible: false; actions: [AccessibilityAction: ACTION_SELECT - null, AccessibilityAction: ACTION_CLEAR_SELECTION - null, AccessibilityAction: ACTION_ACCESSIBILITY_FOCUS - null, AccessibilityAction: ACTION_SHOW_ON_SCREEN - null]
05-13 12:55:57.904   420  1054 I AccessibilityNodeInfoDumper: Skipping invisible child: android.view.accessibility.AccessibilityNodeInfo@1481f; boundsInParent: Rect(0, 0 - 1080, 1731); boundsInScreen: Rect(2160, 63 - 1080, 1794); packageName: org.totschnig.myexpenses.debug; className: android.widget.FrameLayout; text: null; error: null; maxTextLength: -1; contentDescription: null; tooltipText: null; viewIdResName: org.totschnig.myexpenses.debug:id/setup_wizard_layout; checkable: false; checked: false; focusable: false; focused: false; selected: false; clickable: false; longClickable: false; contextClickable: false; enabled: true; password: false; scrollable: false; importantForAccessibility: false; visible: false; actions: [AccessibilityAction: ACTION_SELECT - null, AccessibilityAction: ACTION_CLEAR_SELECTION - null, AccessibilityAction: ACTION_ACCESSIBILITY_FOCUS - null, AccessibilityAction: ACTION_SHOW_ON_SCREEN - null]
05-13 12:55:57.909   420  1054 I AccessibilityNodeInfoDumper: Skipping invisible child: android.view.accessibility.AccessibilityNodeInfo@9b71; boundsInParent: Rect(0, 0 - 1080, 63); boundsInScreen: Rect(0, 0 - 1080, 63); packageName: org.totschnig.myexpenses.debug; className: android.view.View; text: null; error: null; maxTextLength: -1; contentDescription: null; tooltipText: null; viewIdResName: android:id/statusBarBackground; checkable: false; checked: false; focusable: false; focused: false; selected: false; clickable: false; longClickable: false; contextClickable: false; enabled: true; password: false; scrollable: false; importantForAccessibility: false; visible: false; actions: [AccessibilityAction: ACTION_SELECT - null, AccessibilityAction: ACTION_CLEAR_SELECTION - null, AccessibilityAction: ACTION_ACCESSIBILITY_FOCUS - null, AccessibilityAction: ACTION_SHOW_ON_SCREEN - null]
05-13 12:55:57.910   420  1054 I AccessibilityNodeInfoDumper: Skipping invisible child: android.view.accessibility.AccessibilityNodeInfo@97b0; boundsInParent: Rect(0, 0 - 1080, 126); boundsInScreen: Rect(0, 1794 - 1080, 1920); packageName: org.totschnig.myexpenses.debug; className: android.view.View; text: null; error: null; maxTextLength: -1; contentDescription: null; tooltipText: null; viewIdResName: android:id/navigationBarBackground; checkable: false; checked: false; focusable: false; focused: false; selected: false; clickable: false; longClickable: false; contextClickable: false; enabled: true; password: false; scrollable: false; importantForAccessibility: false; visible: false; actions: [AccessibilityAction: ACTION_SELECT - null, AccessibilityAction: ACTION_CLEAR_SELECTION - null, AccessibilityAction: ACTION_ACCESSIBILITY_FOCUS - null, AccessibilityAction: ACTION_SHOW_ON_SCREEN - null]
05-13 12:55:57.917   420  1054 I AccessibilityNodeInfoDumper: Skipping invisible child: android.view.accessibility.AccessibilityNodeInfo@20b4f; boundsInParent: Rect(0, 0 - 0, 63); boundsInScreen: Rect(540, 0 - 540, 63); packageName: com.android.systemui; className: android.widget.FrameLayout; text: null; error: null; maxTextLength: -1; contentDescription: null; tooltipText: null; viewIdResName: com.android.systemui:id/centered_icon_area; checkable: false; checked: false; focusable: false; focused: false; selected: false; clickable: false; longClickable: false; contextClickable: false; enabled: true; password: false; scrollable: false; importantForAccessibility: false; visible: false; actions: [AccessibilityAction: ACTION_SELECT - null, AccessibilityAction: ACTION_CLEAR_SELECTION - null, AccessibilityAction: ACTION_ACCESSIBILITY_FOCUS - null, AccessibilityAction: ACTION_SHOW_ON_SCREEN - null]
05-13 12:55:58.135  1614  1614 I hwservicemanager: getTransport: Cannot find entry android.hardware.graphics.mapper@3.0::IMapper/default in either framework or device manifest.
05-13 12:55:58.135  1067  1067 W Gralloc3: mapper 3.x is not supported
05-13 12:55:58.339 18305  1077 I MediaProvider: Begin Intent { act=android.intent.action.MEDIA_SCANNER_SCAN_FILE dat=file:///sdcard/screen_2025-05-13_205558.png flg=0x1400010 cmp=com.android.providers.media/.MediaService }
05-13 12:55:58.346 18305  1077 W ExifInterface: Invalid image: ExifInterface got an unsupported image format file(ExifInterface supports JPEG and some RAW image formats only) or a corrupted JPEG file to ExifInterface.
05-13 12:55:58.346 18305  1077 W ExifInterface: java.io.IOException: Invalid byte order: ffff8950
05-13 12:55:58.346 18305  1077 W ExifInterface: 	at android.media.ExifInterface.readByteOrder(ExifInterface.java:3121)
05-13 12:55:58.346 18305  1077 W ExifInterface: 	at android.media.ExifInterface.isOrfFormat(ExifInterface.java:2437)
05-13 12:55:58.346 18305  1077 W ExifInterface: 	at android.media.ExifInterface.getMimeType(ExifInterface.java:2315)
05-13 12:55:58.346 18305  1077 W ExifInterface: 	at android.media.ExifInterface.loadAttributes(ExifInterface.java:1753)
05-13 12:55:58.346 18305  1077 W ExifInterface: 	at android.media.ExifInterface.<init>(ExifInterface.java:1447)
05-13 12:55:58.346 18305  1077 W ExifInterface: 	at com.android.providers.media.scan.ModernMediaScanner.scanItemImage(ModernMediaScanner.java:729)
05-13 12:55:58.346 18305  1077 W ExifInterface: 	at com.android.providers.media.scan.ModernMediaScanner.scanItem(ModernMediaScanner.java:502)
05-13 12:55:58.346 18305  1077 W ExifInterface: 	at com.android.providers.media.scan.ModernMediaScanner.access$500(ModernMediaScanner.java:118)
05-13 12:55:58.346 18305  1077 W ExifInterface: 	at com.android.providers.media.scan.ModernMediaScanner$Scan.visitFile(ModernMediaScanner.java:406)
