05-13 12:56:51.598 18305  2257 W ExifInterface: 	at android.media.ExifInterface.isOrfFormat(ExifInterface.java:2437)
05-13 12:56:51.598 18305  2257 W ExifInterface: 	at android.media.ExifInterface.getMimeType(ExifInterface.java:2315)
05-13 12:56:51.598 18305  2257 W ExifInterface: 	at android.media.ExifInterface.loadAttributes(ExifInterface.java:1753)
05-13 12:56:51.598 18305  2257 W ExifInterface: 	at android.media.ExifInterface.<init>(ExifInterface.java:1447)
05-13 12:56:51.598 18305  2257 W ExifInterface: 	at com.android.providers.media.scan.ModernMediaScanner.scanItemImage(ModernMediaScanner.java:729)
05-13 12:56:51.598 18305  2257 W ExifInterface: 	at com.android.providers.media.scan.ModernMediaScanner.scanItem(ModernMediaScanner.java:502)
05-13 12:56:51.598 18305  2257 W ExifInterface: 	at com.android.providers.media.scan.ModernMediaScanner.access$500(ModernMediaScanner.java:118)
05-13 12:56:51.598 18305  2257 W ExifInterface: 	at com.android.providers.media.scan.ModernMediaScanner$Scan.visitFile(ModernMediaScanner.java:406)
05-13 12:56:51.598 18305  2257 W ExifInterface: 	at com.android.providers.media.scan.ModernMediaScanner$Scan.visitFile(ModernMediaScanner.java:207)
05-13 12:56:51.598 18305  2257 W ExifInterface: 	at java.nio.file.Files.walkFileTree(Files.java:2670)
05-13 12:56:51.598 18305  2257 W ExifInterface: 	at java.nio.file.Files.walkFileTree(Files.java:2742)
05-13 12:56:51.598 18305  2257 W ExifInterface: 	at com.android.providers.media.scan.ModernMediaScanner$Scan.walkFileTree(ModernMediaScanner.java:267)
05-13 12:56:51.598 18305  2257 W ExifInterface: 	at com.android.providers.media.scan.ModernMediaScanner$Scan.run(ModernMediaScanner.java:245)
05-13 12:56:51.598 18305  2257 W ExifInterface: 	at com.android.providers.media.scan.ModernMediaScanner.scanFile(ModernMediaScanner.java:174)
05-13 12:56:51.598 18305  2257 W ExifInterface: 	at com.android.providers.media.MediaService.onScanFile(MediaService.java:164)
05-13 12:56:51.598 18305  2257 W ExifInterface: 	at com.android.providers.media.MediaService.onHandleIntent(MediaService.java:90)
05-13 12:56:51.598 18305  2257 W ExifInterface: 	at android.app.IntentService$ServiceHandler.handleMessage(IntentService.java:78)
05-13 12:56:51.598 18305  2257 W ExifInterface: 	at android.os.Handler.dispatchMessage(Handler.java:107)
05-13 12:56:51.598 18305  2257 W ExifInterface: 	at android.os.Looper.loop(Looper.java:214)
05-13 12:56:51.598 18305  2257 W ExifInterface: 	at android.os.HandlerThread.run(HandlerThread.java:67)
05-13 12:56:51.601 18305  2257 I MediaProvider: End Intent { act=android.intent.action.MEDIA_SCANNER_SCAN_FILE dat=file:///sdcard/screen_2025-05-13_205652.png flg=0x1400010 cmp=com.android.providers.media/.MediaService }
05-13 12:56:52.042  1992  2026 I chatty  : uid=1000(system) android.io identical 24 lines
05-13 12:56:52.198  1992  2026 I DropBoxManagerService: add tag=system_server_strictmode isTagEnabled=true flags=0x2
05-13 12:56:52.428  1992  2033 W ActivityManager: Stopping service due to app idle: u0a51 -1m9s976ms com.android.statementservice/.DirectStatementService
05-13 12:56:52.436  2342  2342 I AndroidRuntime: Using default boot image
05-13 12:56:52.436  2342  2342 I AndroidRuntime: Leaving lock profiling enabled
05-13 12:56:52.437  2342  2342 I app_process: Core platform API reporting enabled, enforcing=false
05-13 12:56:52.481  2342  2342 W app_process: Unexpected CPU variant for X86 using defaults: x86
05-13 12:56:52.482  2342  2342 I app_process: The ClassLoaderContext is a special shared library.
05-13 12:56:52.494  2342  2342 W app_process: JNI RegisterNativeMethods: attempt to register 0 native methods for android.media.AudioAttributes
05-13 12:56:52.718  1721  4607 W audio_hw_generic: Not supplying enough data to HAL, expected position 62953656 , only wrote 62953640
05-13 12:56:52.742   801   838 I TransactionProvider: INSERT Uri: content://org.totschnig.myexpenses.debug/accounts, values: sync_account_name=null description= exclude_from_totals=false type=CASH uuid=bebaa1ac-61be-444d-be52-1d706ddbfbf1 color=-16738680 label=Budget Book criterion=null currency=USD opening_balance=0
05-13 12:56:52.751   801   838 W DataModule: building SupportSQLiteOpenHelper (encryptDatabase false)
05-13 12:56:53.080  1992  5001 I ActivityTaskManager: START u0 {cmp=org.totschnig.myexpenses.debug/org.totschnig.myexpenses.activity.MyExpenses} from uid 10126
05-13 12:56:53.098  1992  5001 W InputReader: Device has associated, but no associated display id.
05-13 12:56:53.101  1992  5001 I chatty  : uid=1000(system) Binder:1992_C identical 48 lines
05-13 12:56:53.101  1992  5001 W InputReader: Device has associated, but no associated display id.
05-13 12:56:53.104   801   801 W ActivityThread: handleWindowVisibility: no activity for token android.os.BinderProxy@2359591
05-13 12:56:53.361   801   801 W yexpenses.debu: Accessing hidden method Landroid/view/ViewGroup;->makeOptionalFitsSystemWindows()V (greylist, reflection, allowed)
05-13 12:56:53.418   801   801 I BaseCrashHandler: Breadcrumb: MyExpenses
05-13 12:56:53.533  1746  2664 I chatty  : uid=1000(system) HwBinder:1746_2 identical 1 line
05-13 12:56:53.571  1992  2028 W InputReader: Device has associated, but no associated display id.
05-13 12:56:53.572  1992  2028 I chatty  : uid=1000(system) android.anim identical 18 lines
05-13 12:56:53.572  1992  2028 W InputReader: Device has associated, but no associated display id.
05-13 12:56:53.656   801  1013 I TransactionProvider: content://org.totschnig.myexpenses.debug/banks - SELECT _id, blz, bic, name, user_id, version, (SELECT count(*) FROM accounts WHERE bank_id = banks._id) AS count FROM banks - (null)
05-13 12:56:53.660   801  1013 I TransactionProvider: PT0S - 0
05-13 12:56:53.683   801   838 I TransactionProvider: content://org.totschnig.myexpenses.debug/accounts?mergeCurrencyAggregates=1&withHiddenAccountCount=1 - hidden = 0 - 
05-13 12:56:53.683   801   838 I TransactionProvider: WITH now as (
05-13 12:56:53.683   801   838 I TransactionProvider:     SELECT
05-13 12:56:53.683   801   838 I TransactionProvider:         cast(strftime('%s', 'now', 'localtime', 'start of day', '+1 day', 'utc') as integer) AS now
05-13 12:56:53.683   801   838 I TransactionProvider: ), amounts AS (
05-13 12:56:53.683   801   838 I TransactionProvider:     SELECT
05-13 12:56:53.683   801   838 I TransactionProvider:         amount,
05-13 12:56:53.683   801   838 I TransactionProvider:         coalesce(type, 3) AS type,
05-13 12:56:53.683   801   838 I TransactionProvider:         transfer_peer,
05-13 12:56:53.683   801   838 I TransactionProvider:         cr_status,
05-13 12:56:53.683   801   838 I TransactionProvider:         date,
05-13 12:56:53.683   801   838 I TransactionProvider:         coalesce(
05-13 12:56:53.683   801   838 I TransactionProvider:             CASE
05-13 12:56:53.683   801   838 I TransactionProvider:                 WHEN parent_id
05-13 12:56:53.683   801   838 I TransactionProvider:                 THEN (SELECT 1.0 * equivalent_amount / amount FROM transactions
05-13 12:56:53.683   801   838 I TransactionProvider:                     WHERE _id = transactions_with_account.parent_id
05-13 12:56:53.683   801   838 I TransactionProvider:                   ) * amount
05-13 12:56:53.684   801   838 I TransactionProvider:                 ELSE equivalent_amount
05-13 12:56:53.684   801   838 I TransactionProvider:             END,
05-13 12:56:53.684   801   838 I TransactionProvider:             coalesce(exchange_rate, 1) * amount
05-13 12:56:53.684   801   838 I TransactionProvider:         ) AS equivalent_amount,
05-13 12:56:53.684   801   838 I TransactionProvider:         transactions_with_account.account_id 
05-13 12:56:53.684   801   838 I TransactionProvider:     FROM transactions_with_account LEFT JOIN account_exchangerates
05-13 12:56:53.684   801   838 I TransactionProvider:     ON transactions_with_account.account_id = account_exchangerates.account_id
05-13 12:56:53.684   801   838 I TransactionProvider:     AND currency_self = transactions_with_account.currency
05-13 12:56:53.684   801   838 I TransactionProvider:     AND currency_other = 'USD'
05-13 12:56:53.684   801   838 I TransactionProvider:     WHERE cat_id IS NOT 0 AND status != 5 AND cr_status != 'VOID'
05-13 12:56:53.684   801   838 I TransactionProvider: ), aggregates AS (
05-13 12:56:53.684   801   838 I TransactionProvider:     SELECT
05-13 12:56:53.684   801   838 I TransactionProvider:         account_id,
05-13 12:56:53.684   801   838 I TransactionProvider:         sum(amount) as total,
05-13 12:56:53.684   801   838 I TransactionProvider:         sum(equivalent_amount) as equivalent_total,
05-13 12:56:53.684   801   838 I TransactionProvider:         sum(CASE WHEN type = 2 OR (type = 3 AND amount > 0) THEN amount ELSE 0 END) as sum_income,
05-13 12:56:53.684   801   838 I TransactionProvider:         sum(CASE WHEN type = 2 OR (type = 3 AND amount > 0) THEN equivalent_amount ELSE 0 END) as equivalent_income,
05-13 12:56:53.684   801   838 I TransactionProvider:         sum(CASE WHEN type = 1 OR (type = 3 AND amount < 0) THEN amount ELSE 0 END) as sum_expenses,
05-13 12:56:53.684   801   838 I TransactionProvider:         sum(CASE WHEN type = 1 OR (type = 3 AND amount < 0) THEN equivalent_amount ELSE 0 END) as equivalent_expense,
05-13 12:56:53.684   801   838 I TransactionProvider:         sum(CASE WHEN type = 0 THEN amount ELSE 0  END) as sum_transfers,
05-13 12:56:53.684   801   838 I TransactionProvider:         sum(CASE WHEN date < (select now from now) THEN amount ELSE 0 END) as current,
05-13 12:56:53.684   801   838 I TransactionProvider:         sum(CASE WHEN date < (select now from now) THEN equivalent_amount ELSE 0 END) as equivalent_current,
05-13 12:56:53.684   801   838 I TransactionProvider:         sum(CASE WHEN cr_status IN ( 'RECONCILED', 'CLEARED' ) THEN amount ELSE 0 END) as cleared_total,
05-13 12:56:53.684   801   838 I TransactionProvider:         sum(CASE WHEN cr_status = 'RECONCILED' THEN amount ELSE 0 END) as reconciled_total,
05-13 12:56:53.684   801   838 I TransactionProvider:         max(CASE WHEN cr_status = 'CLEARED' THEN 1 ELSE 0 END) as has_cleared,
05-13 12:56:53.684   801   838 I TransactionProvider:         max(date) >= (select now from now) as has_future
05-13 12:56:53.684   801   838 I TransactionProvider:    from amounts group by account_id
05-13 12:56:53.684   801   838 I TransactionProvider: )
05-13 12:56:53.684   801   838 I TransactionProvider: 
05-13 12:56:53.685   801   838 I TransactionProvider: SELECT accounts._id AS _id, label, accounts.description AS description, opening_balance, accounts.currency AS currency, color, accounts.grouping AS grouping, type, sort_key, exclude_from_totals, sync_account_name, uuid, sort_by, sort_direction, criterion, sealed, opening_balance + coalesce(current,0) AS current_balance, sum_income, sum_expenses, sum_transfers, opening_balance + coalesce(total,0) AS total, opening_balance + coalesce(cleared_total,0) AS cleared_total, opening_balance + coalesce(reconciled_total,0) AS reconciled_total, usages, 0 AS is_aggregate, has_future, has_cleared, CASE type WHEN 'CASH' THEN 0 WHEN 'BANK' THEN 1 WHEN 'CCARD' THEN 2 WHEN 'ASSET' THEN 3 WHEN 'LIABILITY' THEN 4 ELSE -1 END AS sort_key_type, last_used, bank_id FROM accounts LEFT JOIN aggregates ON accounts._id = aggregates.account_id WHERE hidden = 0 UNION ALL SELECT 0 - currency._id AS _id, currency AS label, '' AS description, sum(opening_balance) AS opening_balance, currency, -1 AS color, currency.grouping, 'AGGREGATE' AS type, 0 AS sort_key, 0 AS exclude_from_totals, null AS sync_account_name, null AS uuid, currency.sort_by, currency.sort_direction, 0 AS criterion, 0 AS sealed, sum(opening_balance) + coalesce(sum(current),0) AS current_balance, sum(sum_income) AS sum_income, sum(sum_expenses) AS sum_expenses, sum(sum_transfers) AS sum_transfers, sum(opening_balance) + coalesce(sum(total),0) AS total, 0 AS cleared_total, 0 AS reconciled_total, 0 AS usages, 1 AS is_aggregate, max(has_future) AS has_future, 0 AS has_cleared, 0 AS sort_key_type, 0 AS last_used, null AS bank_id FROM accounts LEFT JOIN aggregates ON accounts._id = aggregates.account_id LEFT JOIN currency on code = currency WHERE exclude_from_totals = 0 GROUP BY currency HAVING count(*) > 1 OR (count(*) = 1 AND sum(hidden) = 1) UNION ALL SELECT -2147483648 AS _id, 'Grand total' AS label, '' AS description, sum(opening_balance * coalesce(exchange_rate, 1)) AS opening_balance, '___' AS currency, -1 AS color, 'NONE' AS grouping, 'AGGREGATE' AS type, 0 AS sort_key, 0 AS exclude_from_totals, null AS sync_account_name, null AS uuid, 'date' AS sort_by, 'DESC' AS sort_direction, 0 AS criterion, 0 AS sealed, sum(opening_balance * coalesce(exchange_rate, 1)) + coalesce(sum(equivalent_current),0) AS current_balance, sum(equivalent_income) AS sum_income, sum(equivalent_expense) AS sum_expenses, 0 AS sum_transfers, sum(opening_balance * coalesce(exchange_rate, 1)) + coalesce(sum(equivalent_total),0) AS total, 0 AS cleared_total, 0 AS reconciled_total, 0 AS usages, 2 AS is_aggregate, max(has_future) AS has_future, 0 AS has_cleared, 0 AS sort_key_type, 0 AS last_used, null AS bank_id FROM accounts LEFT JOIN aggregates ON accounts._id = aggregates.account_id LEFT JOIN account_exchangerates
05-13 12:56:53.685   801   838 I TransactionProvider:     ON accounts._id = account_exchangerates.account_id
05-13 12:56:53.685   801   838 I TransactionProvider:     AND currency_self = accounts.currency
05-13 12:56:53.685   801   838 I TransactionProvider:     AND currency_other = 'USD' WHERE exclude_from_totals = 0 GROUP BY 1 HAVING (select count(distinct currency) from accounts WHERE exclude_from_totals = 0 AND currency != 'USD') > 0 ORDER BY is_aggregate,sort_key_type,label COLLATE LOCALIZED - (null)
05-13 12:56:53.697   801   838 I TransactionProvider: PT0.004S - 1
05-13 12:56:53.786   420  2366 W QueryController: Could not detect idle state.
05-13 12:56:53.788   420  2366 W QueryController: Could not detect idle state.
05-13 12:56:53.991   801   801 I BaseMyExpenses$MainContent: Rendering page 0
05-13 12:56:54.054   801   801 I TransactionListKt: budget for all: MutableState(value=null)@71780336
05-13 12:56:54.126   801  1013 I TransactionProvider: content://org.totschnig.myexpenses.debug/transactions/groups/NONE?account_id=1 - null - WITH cte_transaction_groups AS (SELECT date,transfer_peer,coalesce(type, 3) AS type, cast(CASE WHEN cr_status = 'VOID' THEN 0 ELSE amount END AS integer) AS display_amount FROM transactions_with_account WHERE cat_id IS NOT 0 AND status != 5 AND account_id = ?) SELECT 1 AS year, 1 AS second, sum(CASE WHEN type = 1 OR (type = 3 AND display_amount < 0) THEN display_amount ELSE 0 END) AS sum_expenses, sum(CASE WHEN type = 2 OR (type = 3 AND display_amount > 0) THEN display_amount ELSE 0 END) AS sum_income, sum(CASE WHEN type = 0 THEN display_amount ELSE 0 END) AS sum_transfers FROM cte_transaction_groups - (1)
05-13 12:56:54.138   801  1013 I TransactionProvider: PT0.003S - 1
05-13 12:56:54.167   801  1013 I TransactionProvider: content://org.totschnig.myexpenses.debug/tags - SELECT * FROM tags - (null)
05-13 12:56:54.171   801  1013 I TransactionProvider: PT0S - 0
05-13 12:56:54.185   801   801 I TransactionPagingSource: Requesting data for account 1 at position 0
05-13 12:56:54.190   801  1013 I TransactionProvider: limit 0,150
05-13 12:56:54.191   801  1013 I TransactionProvider: content://org.totschnig.myexpenses.debug/transactions?extended=1&shortenComment=1&search=1&account_id=1&android%3Aquery-arg-limit=150&android%3Aquery-arg-offset=0 - (parent_id is null AND account_id= 1) - WITH cte_search AS (SELECT *, amount AS display_amount FROM transactions_extended) SELECT _id, date, value_date, display_amount, case when instr(comment, X'0A') > 0 THEN substr(comment, 1, instr(comment, X'0A')-1) else comment end AS comment, cat_id, path, CASE WHEN transfer_account THEN (SELECT label FROM accounts WHERE _id = transfer_account) END AS transfer_account_label, payee_id, name, transfer_peer, transfer_account, account_id, method_id, method_label, method_icon, cr_status, number, status, tag_list, parent_id, CAST(strftime('%Y',date,'unixepoch','localtime') AS integer) AS year, CAST(strftime('%m',date,'unixepoch','localtime','-0 day') AS integer) - 1 AS month, CAST((strftime('%j',date,'unixepoch','localtime','weekday 6', '-6 day') - 1) / 7 + 1 AS integer) AS week, CAST(strftime('%j',date,'unixepoch','localtime') AS integer) AS day, icon, CASE coalesce(type, 3) WHEN 3 THEN CASE WHEN amount > 0 THEN 2 ELSE 1 END ELSE coalesce(type, 3) END AS type, currency, (SELECT parent_id FROM transactions peer WHERE peer._id = cte_search.transfer_peer) AS transfer_peer_parent, attachment_count FROM cte_search WHERE (parent_id is null AND account_id= 1) ORDER BY date DESC LIMIT 0,150 - (null)
05-13 12:56:54.202   801  1013 I TransactionProvider: PT0.005S - 0
05-13 12:56:54.205   801  1013 I TransactionPagingSource$load$origList: Cursor delivered 0 rows after PT0.017S
05-13 12:56:54.224   801   801 I BaseMyExpenses$MainContent: Rendering page 0
05-13 12:56:54.525   801   844 I OpenGLRenderer: Davey! duration=787ms; Flags=0, IntendedVsync=12657673647943, Vsync=12658006981263, OldestInputEvent=9223372036854775807, NewestInputEvent=0, HandleInputStart=12658013863300, AnimationStart=12658013932900, PerformTraversalsStart=12658172398200, DrawStart=12658391052500, SyncQueued=12658397798500, SyncStart=12658398673000, IssueDrawCommandsStart=12658398790700, SwapBuffers=12658458238100, FrameCompleted=12658461645100, DequeueBufferDuration=322000, QueueBufferDuration=886000, 
05-13 12:56:54.569  1992  2323 I ActivityManager: Killing 16587:com.android.calendar/u0a109 (adj 995): empty for 4547s
05-13 12:56:54.595   801   801 I Choreographer: Skipped 30 frames!  The application may be doing too much work on its main thread.
05-13 12:56:54.639   801  1013 I TransactionProvider: content://org.totschnig.myexpenses.debug/transactions?search=1&account_id=1&mappedObjects=1 - null - with data as
05-13 12:56:54.639   801  1013 I TransactionProvider:  (select _id, cat_id, method_id, payee_id, transfer_account, tag_id from transactions left join transactions_tags on transaction_id = _id where cr_status != 'VOID' AND +account_id= 1)
05-13 12:56:54.639   801  1013 I TransactionProvider:  SELECT
05-13 12:56:54.639   801  1013 I TransactionProvider:        exists(select 1 from data) AS count,
05-13 12:56:54.639   801  1013 I TransactionProvider:        exists(select 1 from data where cat_id > 0) AS mapped_categories,
05-13 12:56:54.639   801  1013 I TransactionProvider:        exists(select 1 from data where method_id > 0) AS mapped_methods,
05-13 12:56:54.639   801  1013 I TransactionProvider:        exists(select 1 from data where payee_id > 0) AS mapped_payees,
05-13 12:56:54.639   801  1013 I TransactionProvider:        exists(select 1 from data where transfer_account > 0) AS has_transfers,
05-13 12:56:54.639   801  1013 I TransactionProvider:        exists(select 1 from data where tag_id is not null) AS mapped_tags - (null)
05-13 12:56:54.641   801  1013 I TransactionProvider: PT0S - 1
05-13 12:56:54.704   801   801 I TransactionPagingSource: Setting prevKey null, nextKey null
05-13 12:56:54.786  1715  1715 I Zygote  : Process 16587 exited due to signal 9 (Killed)
05-13 12:56:54.804  1992  2035 I libprocessgroup: Successfully killed process cgroup uid 10109 pid 16587 in 207ms
05-13 12:56:54.807   801   801 I TransactionListKt: budget for all: MutableState(value=BudgetData(budgetId=0, data=[]))@71780336
05-13 12:56:54.849   420  2366 I AccessibilityNodeInfoDumper: Skipping invisible child: android.view.accessibility.AccessibilityNodeInfo@28374; boundsInParent: Rect(0, 0 - 0, 71); boundsInScreen: Rect(147, 111 - 147, 182); packageName: org.totschnig.myexpenses.debug; className: android.widget.TextView; text: My Expenses Debug; error: null; maxTextLength: -1; contentDescription: null; tooltipText: null; viewIdResName: null; checkable: false; checked: false; focusable: false; focused: false; selected: false; clickable: false; longClickable: false; contextClickable: false; enabled: true; password: false; scrollable: false; importantForAccessibility: true; visible: false; actions: [AccessibilityAction: ACTION_SELECT - null, AccessibilityAction: ACTION_CLEAR_SELECTION - null, AccessibilityAction: ACTION_ACCESSIBILITY_FOCUS - null, AccessibilityAction: ACTION_NEXT_AT_MOVEMENT_GRANULARITY - null, AccessibilityAction: ACTION_PREVIOUS_AT_MOVEMENT_GRANULARITY - null, AccessibilityAction: ACTION_SET_SELECTION - null, AccessibilityAction: ACTION_SHOW_ON_SCREEN - null]
05-13 12:56:54.849   420  2366 I AccessibilityNodeInfoDumper: Skipping invisible child: android.view.accessibility.AccessibilityNodeInfo@28eb7; boundsInParent: Rect(0, 0 - 1080, 0); boundsInScreen: Rect(0, 231 - 1080, 231); packageName: org.totschnig.myexpenses.debug; className: android.widget.FrameLayout; text: null; error: null; maxTextLength: -1; contentDescription: null; tooltipText: null; viewIdResName: org.totschnig.myexpenses.debug:id/adContainer; checkable: false; checked: false; focusable: false; focused: false; selected: false; clickable: false; longClickable: false; contextClickable: false; enabled: true; password: false; scrollable: false; importantForAccessibility: false; visible: false; actions: [AccessibilityAction: ACTION_SELECT - null, AccessibilityAction: ACTION_CLEAR_SELECTION - null, AccessibilityAction: ACTION_ACCESSIBILITY_FOCUS - null, AccessibilityAction: ACTION_SHOW_ON_SCREEN - null]
05-13 12:56:54.849   420  2366 I AccessibilityNodeInfoDumper: Skipping invisible child: android.view.accessibility.AccessibilityNodeInfo@2c345; boundsInParent: Rect(0, 0 - 1080, 63); boundsInScreen: Rect(0, 0 - 1080, 63); packageName: org.totschnig.myexpenses.debug; className: android.view.View; text: null; error: null; maxTextLength: -1; contentDescription: null; tooltipText: null; viewIdResName: android:id/statusBarBackground; checkable: false; checked: false; focusable: false; focused: false; selected: false; clickable: false; longClickable: false; contextClickable: false; enabled: true; password: false; scrollable: false; importantForAccessibility: false; visible: false; actions: [AccessibilityAction: ACTION_SELECT - null, AccessibilityAction: ACTION_CLEAR_SELECTION - null, AccessibilityAction: ACTION_ACCESSIBILITY_FOCUS - null, AccessibilityAction: ACTION_SHOW_ON_SCREEN - null]
05-13 12:56:54.849   420  2366 I AccessibilityNodeInfoDumper: Skipping invisible child: android.view.accessibility.AccessibilityNodeInfo@2bf84; boundsInParent: Rect(0, 0 - 1080, 126); boundsInScreen: Rect(0, 1794 - 1080, 1920); packageName: org.totschnig.myexpenses.debug; className: android.view.View; text: null; error: null; maxTextLength: -1; contentDescription: null; tooltipText: null; viewIdResName: android:id/navigationBarBackground; checkable: false; checked: false; focusable: false; focused: false; selected: false; clickable: false; longClickable: false; contextClickable: false; enabled: true; password: false; scrollable: false; importantForAccessibility: false; visible: false; actions: [AccessibilityAction: ACTION_SELECT - null, AccessibilityAction: ACTION_CLEAR_SELECTION - null, AccessibilityAction: ACTION_ACCESSIBILITY_FOCUS - null, AccessibilityAction: ACTION_SHOW_ON_SCREEN - null]
05-13 12:56:54.910   420  2366 I AccessibilityNodeInfoDumper: Skipping invisible child: android.view.accessibility.AccessibilityNodeInfo@20b4f; boundsInParent: Rect(0, 0 - 0, 63); boundsInScreen: Rect(540, 0 - 540, 63); packageName: com.android.systemui; className: android.widget.FrameLayout; text: null; error: null; maxTextLength: -1; contentDescription: null; tooltipText: null; viewIdResName: com.android.systemui:id/centered_icon_area; checkable: false; checked: false; focusable: false; focused: false; selected: false; clickable: false; longClickable: false; contextClickable: false; enabled: true; password: false; scrollable: false; importantForAccessibility: false; visible: false; actions: [AccessibilityAction: ACTION_SELECT - null, AccessibilityAction: ACTION_CLEAR_SELECTION - null, AccessibilityAction: ACTION_ACCESSIBILITY_FOCUS - null, AccessibilityAction: ACTION_SHOW_ON_SCREEN - null]
05-13 12:56:55.868  1721 16808 W audio_hw_generic: Not supplying enough data to HAL, expected position 63229614 , only wrote 63092450
05-13 12:56:56.212  1614  1614 I hwservicemanager: getTransport: Cannot find entry android.hardware.graphics.mapper@3.0::IMapper/default in either framework or device manifest.
05-13 12:56:56.216  2387  2387 W Gralloc3: mapper 3.x is not supported
05-13 12:56:56.641  1992  2784 E TaskPersister: File error accessing recents directory (directory doesn't exist?).
05-13 12:56:56.704 18305  2404 I MediaProvider: Begin Intent { act=android.intent.action.MEDIA_SCANNER_SCAN_FILE dat=file:///sdcard/screen_2025-05-13_205656.png flg=0x1400010 cmp=com.android.providers.media/.MediaService }
05-13 12:56:56.710 18305  2404 W ExifInterface: Invalid image: ExifInterface got an unsupported image format file(ExifInterface supports JPEG and some RAW image formats only) or a corrupted JPEG file to ExifInterface.
05-13 12:56:56.710 18305  2404 W ExifInterface: java.io.IOException: Invalid byte order: ffff8950
05-13 12:56:56.710 18305  2404 W ExifInterface: 	at android.media.ExifInterface.readByteOrder(ExifInterface.java:3121)
05-13 12:56:56.710 18305  2404 W ExifInterface: 	at android.media.ExifInterface.isOrfFormat(ExifInterface.java:2437)
05-13 12:56:56.710 18305  2404 W ExifInterface: 	at android.media.ExifInterface.getMimeType(ExifInterface.java:2315)
05-13 12:56:56.710 18305  2404 W ExifInterface: 	at android.media.ExifInterface.loadAttributes(ExifInterface.java:1753)
05-13 12:56:56.710 18305  2404 W ExifInterface: 	at android.media.ExifInterface.<init>(ExifInterface.java:1447)
05-13 12:56:56.710 18305  2404 W ExifInterface: 	at com.android.providers.media.scan.ModernMediaScanner.scanItemImage(ModernMediaScanner.java:729)
05-13 12:56:56.710 18305  2404 W ExifInterface: 	at com.android.providers.media.scan.ModernMediaScanner.scanItem(ModernMediaScanner.java:502)
05-13 12:56:56.710 18305  2404 W ExifInterface: 	at com.android.providers.media.scan.ModernMediaScanner.access$500(ModernMediaScanner.java:118)
05-13 12:56:56.710 18305  2404 W ExifInterface: 	at com.android.providers.media.scan.ModernMediaScanner$Scan.visitFile(ModernMediaScanner.java:406)
05-13 12:56:56.710 18305  2404 W ExifInterface: 	at com.android.providers.media.scan.ModernMediaScanner$Scan.visitFile(ModernMediaScanner.java:207)
05-13 12:56:56.710 18305  2404 W ExifInterface: 	at java.nio.file.Files.walkFileTree(Files.java:2670)
05-13 12:56:56.710 18305  2404 W ExifInterface: 	at java.nio.file.Files.walkFileTree(Files.java:2742)
05-13 12:56:56.710 18305  2404 W ExifInterface: 	at com.android.providers.media.scan.ModernMediaScanner$Scan.walkFileTree(ModernMediaScanner.java:267)
05-13 12:56:56.710 18305  2404 W ExifInterface: 	at com.android.providers.media.scan.ModernMediaScanner$Scan.run(ModernMediaScanner.java:245)
05-13 12:56:56.710 18305  2404 W ExifInterface: 	at com.android.providers.media.scan.ModernMediaScanner.scanFile(ModernMediaScanner.java:174)
05-13 12:56:56.710 18305  2404 W ExifInterface: 	at com.android.providers.media.MediaService.onScanFile(MediaService.java:164)
05-13 12:56:56.710 18305  2404 W ExifInterface: 	at com.android.providers.media.MediaService.onHandleIntent(MediaService.java:90)
05-13 12:56:56.710 18305  2404 W ExifInterface: 	at android.app.IntentService$ServiceHandler.handleMessage(IntentService.java:78)
05-13 12:56:56.710 18305  2404 W ExifInterface: 	at android.os.Handler.dispatchMessage(Handler.java:107)
05-13 12:56:56.710 18305  2404 W ExifInterface: 	at android.os.Looper.loop(Looper.java:214)
05-13 12:56:56.710 18305  2404 W ExifInterface: 	at android.os.HandlerThread.run(HandlerThread.java:67)
05-13 12:56:56.717 18305  2404 I MediaProvider: End Intent { act=android.intent.action.MEDIA_SCANNER_SCAN_FILE dat=file:///sdcard/screen_2025-05-13_205656.png flg=0x1400010 cmp=com.android.providers.media/.MediaService }
05-13 12:56:56.812  1992  2026 I DropBoxManagerService: add tag=system_server_strictmode isTagEnabled=true flags=0x2
05-13 12:56:56.999   420  2438 W QueryController: Could not detect idle state.
05-13 12:56:57.001   420  2438 W QueryController: Could not detect idle state.
05-13 12:56:57.015   420  2438 I AccessibilityNodeInfoDumper: Skipping invisible child: android.view.accessibility.AccessibilityNodeInfo@28374; boundsInParent: Rect(0, 0 - 0, 71); boundsInScreen: Rect(147, 111 - 147, 182); packageName: org.totschnig.myexpenses.debug; className: android.widget.TextView; text: My Expenses Debug; error: null; maxTextLength: -1; contentDescription: null; tooltipText: null; viewIdResName: null; checkable: false; checked: false; focusable: false; focused: false; selected: false; clickable: false; longClickable: false; contextClickable: false; enabled: true; password: false; scrollable: false; importantForAccessibility: true; visible: false; actions: [AccessibilityAction: ACTION_SELECT - null, AccessibilityAction: ACTION_CLEAR_SELECTION - null, AccessibilityAction: ACTION_ACCESSIBILITY_FOCUS - null, AccessibilityAction: ACTION_NEXT_AT_MOVEMENT_GRANULARITY - null, AccessibilityAction: ACTION_PREVIOUS_AT_MOVEMENT_GRANULARITY - null, AccessibilityAction: ACTION_SET_SELECTION - null, AccessibilityAction: ACTION_SHOW_ON_SCREEN - null]
05-13 12:56:57.015   420  2438 I AccessibilityNodeInfoDumper: Skipping invisible child: android.view.accessibility.AccessibilityNodeInfo@28eb7; boundsInParent: Rect(0, 0 - 1080, 0); boundsInScreen: Rect(0, 231 - 1080, 231); packageName: org.totschnig.myexpenses.debug; className: android.widget.FrameLayout; text: null; error: null; maxTextLength: -1; contentDescription: null; tooltipText: null; viewIdResName: org.totschnig.myexpenses.debug:id/adContainer; checkable: false; checked: false; focusable: false; focused: false; selected: false; clickable: false; longClickable: false; contextClickable: false; enabled: true; password: false; scrollable: false; importantForAccessibility: false; visible: false; actions: [AccessibilityAction: ACTION_SELECT - null, AccessibilityAction: ACTION_CLEAR_SELECTION - null, AccessibilityAction: ACTION_ACCESSIBILITY_FOCUS - null, AccessibilityAction: ACTION_SHOW_ON_SCREEN - null]
05-13 12:56:57.016   420  2438 I AccessibilityNodeInfoDumper: Skipping invisible child: android.view.accessibility.AccessibilityNodeInfo@2c345; boundsInParent: Rect(0, 0 - 1080, 63); boundsInScreen: Rect(0, 0 - 1080, 63); packageName: org.totschnig.myexpenses.debug; className: android.view.View; text: null; error: null; maxTextLength: -1; contentDescription: null; tooltipText: null; viewIdResName: android:id/statusBarBackground; checkable: false; checked: false; focusable: false; focused: false; selected: false; clickable: false; longClickable: false; contextClickable: false; enabled: true; password: false; scrollable: false; importantForAccessibility: false; visible: false; actions: [AccessibilityAction: ACTION_SELECT - null, AccessibilityAction: ACTION_CLEAR_SELECTION - null, AccessibilityAction: ACTION_ACCESSIBILITY_FOCUS - null, AccessibilityAction: ACTION_SHOW_ON_SCREEN - null]
05-13 12:56:57.016   420  2438 I AccessibilityNodeInfoDumper: Skipping invisible child: android.view.accessibility.AccessibilityNodeInfo@2bf84; boundsInParent: Rect(0, 0 - 1080, 126); boundsInScreen: Rect(0, 1794 - 1080, 1920); packageName: org.totschnig.myexpenses.debug; className: android.view.View; text: null; error: null; maxTextLength: -1; contentDescription: null; tooltipText: null; viewIdResName: android:id/navigationBarBackground; checkable: false; checked: false; focusable: false; focused: false; selected: false; clickable: false; longClickable: false; contextClickable: false; enabled: true; password: false; scrollable: false; importantForAccessibility: false; visible: false; actions: [AccessibilityAction: ACTION_SELECT - null, AccessibilityAction: ACTION_CLEAR_SELECTION - null, AccessibilityAction: ACTION_ACCESSIBILITY_FOCUS - null, AccessibilityAction: ACTION_SHOW_ON_SCREEN - null]
05-13 12:56:57.022   420  2438 I AccessibilityNodeInfoDumper: Skipping invisible child: android.view.accessibility.AccessibilityNodeInfo@20b4f; boundsInParent: Rect(0, 0 - 0, 63); boundsInScreen: Rect(540, 0 - 540, 63); packageName: com.android.systemui; className: android.widget.FrameLayout; text: null; error: null; maxTextLength: -1; contentDescription: null; tooltipText: null; viewIdResName: com.android.systemui:id/centered_icon_area; checkable: false; checked: false; focusable: false; focused: false; selected: false; clickable: false; longClickable: false; contextClickable: false; enabled: true; password: false; scrollable: false; importantForAccessibility: false; visible: false; actions: [AccessibilityAction: ACTION_SELECT - null, AccessibilityAction: ACTION_CLEAR_SELECTION - null, AccessibilityAction: ACTION_ACCESSIBILITY_FOCUS - null, AccessibilityAction: ACTION_SHOW_ON_SCREEN - null]
05-13 12:56:57.225  1614  1614 I hwservicemanager: getTransport: Cannot find entry android.hardware.graphics.mapper@3.0::IMapper/default in either framework or device manifest.
05-13 12:56:57.226  2456  2456 W Gralloc3: mapper 3.x is not supported
05-13 12:56:57.345 18305  2468 I MediaProvider: Begin Intent { act=android.intent.action.MEDIA_SCANNER_SCAN_FILE dat=file:///sdcard/screen_2025-05-13_205657.png flg=0x1400010 cmp=com.android.providers.media/.MediaService }
05-13 12:56:57.353 18305  2468 W ExifInterface: Invalid image: ExifInterface got an unsupported image format file(ExifInterface supports JPEG and some RAW image formats only) or a corrupted JPEG file to ExifInterface.
05-13 12:56:57.353 18305  2468 W ExifInterface: java.io.IOException: Invalid byte order: ffff8950
05-13 12:56:57.353 18305  2468 W ExifInterface: 	at android.media.ExifInterface.readByteOrder(ExifInterface.java:3121)
05-13 12:56:57.353 18305  2468 W ExifInterface: 	at android.media.ExifInterface.isOrfFormat(ExifInterface.java:2437)
05-13 12:56:57.353 18305  2468 W ExifInterface: 	at android.media.ExifInterface.getMimeType(ExifInterface.java:2315)
05-13 12:56:57.353 18305  2468 W ExifInterface: 	at android.media.ExifInterface.loadAttributes(ExifInterface.java:1753)
05-13 12:56:57.353 18305  2468 W ExifInterface: 	at android.media.ExifInterface.<init>(ExifInterface.java:1447)
05-13 12:56:57.353 18305  2468 W ExifInterface: 	at com.android.providers.media.scan.ModernMediaScanner.scanItemImage(ModernMediaScanner.java:729)
05-13 12:56:57.353 18305  2468 W ExifInterface: 	at com.android.providers.media.scan.ModernMediaScanner.scanItem(ModernMediaScanner.java:502)
05-13 12:56:57.353 18305  2468 W ExifInterface: 	at com.android.providers.media.scan.ModernMediaScanner.access$500(ModernMediaScanner.java:118)
05-13 12:56:57.353 18305  2468 W ExifInterface: 	at com.android.providers.media.scan.ModernMediaScanner$Scan.visitFile(ModernMediaScanner.java:406)
05-13 12:56:57.353 18305  2468 W ExifInterface: 	at com.android.providers.media.scan.ModernMediaScanner$Scan.visitFile(ModernMediaScanner.java:207)
05-13 12:56:57.353 18305  2468 W ExifInterface: 	at java.nio.file.Files.walkFileTree(Files.java:2670)
05-13 12:56:57.353 18305  2468 W ExifInterface: 	at java.nio.file.Files.walkFileTree(Files.java:2742)
05-13 12:56:57.353 18305  2468 W ExifInterface: 	at com.android.providers.media.scan.ModernMediaScanner$Scan.walkFileTree(ModernMediaScanner.java:267)
05-13 12:56:57.353 18305  2468 W ExifInterface: 	at com.android.providers.media.scan.ModernMediaScanner$Scan.run(ModernMediaScanner.java:245)
05-13 12:56:57.353 18305  2468 W ExifInterface: 	at com.android.providers.media.scan.ModernMediaScanner.scanFile(ModernMediaScanner.java:174)
05-13 12:56:57.353 18305  2468 W ExifInterface: 	at com.android.providers.media.MediaService.onScanFile(MediaService.java:164)
05-13 12:56:57.353 18305  2468 W ExifInterface: 	at com.android.providers.media.MediaService.onHandleIntent(MediaService.java:90)
05-13 12:56:57.353 18305  2468 W ExifInterface: 	at android.app.IntentService$ServiceHandler.handleMessage(IntentService.java:78)
05-13 12:56:57.353 18305  2468 W ExifInterface: 	at android.os.Handler.dispatchMessage(Handler.java:107)
05-13 12:56:57.353 18305  2468 W ExifInterface: 	at android.os.Looper.loop(Looper.java:214)
05-13 12:56:57.353 18305  2468 W ExifInterface: 	at android.os.HandlerThread.run(HandlerThread.java:67)
05-13 12:56:57.356 18305  2468 I MediaProvider: End Intent { act=android.intent.action.MEDIA_SCANNER_SCAN_FILE dat=file:///sdcard/screen_2025-05-13_205657.png flg=0x1400010 cmp=com.android.providers.media/.MediaService }
05-13 12:56:57.638   420  2519 W QueryController: Could not detect idle state.
05-13 12:56:57.639   420  2519 W QueryController: Could not detect idle state.
05-13 12:56:57.653   420  2519 I AccessibilityNodeInfoDumper: Skipping invisible child: android.view.accessibility.AccessibilityNodeInfo@28374; boundsInParent: Rect(0, 0 - 0, 71); boundsInScreen: Rect(147, 111 - 147, 182); packageName: org.totschnig.myexpenses.debug; className: android.widget.TextView; text: My Expenses Debug; error: null; maxTextLength: -1; contentDescription: null; tooltipText: null; viewIdResName: null; checkable: false; checked: false; focusable: false; focused: false; selected: false; clickable: false; longClickable: false; contextClickable: false; enabled: true; password: false; scrollable: false; importantForAccessibility: true; visible: false; actions: [AccessibilityAction: ACTION_SELECT - null, AccessibilityAction: ACTION_CLEAR_SELECTION - null, AccessibilityAction: ACTION_ACCESSIBILITY_FOCUS - null, AccessibilityAction: ACTION_NEXT_AT_MOVEMENT_GRANULARITY - null, AccessibilityAction: ACTION_PREVIOUS_AT_MOVEMENT_GRANULARITY - null, AccessibilityAction: ACTION_SET_SELECTION - null, AccessibilityAction: ACTION_SHOW_ON_SCREEN - null]
05-13 12:56:57.654   420  2519 I AccessibilityNodeInfoDumper: Skipping invisible child: android.view.accessibility.AccessibilityNodeInfo@28eb7; boundsInParent: Rect(0, 0 - 1080, 0); boundsInScreen: Rect(0, 231 - 1080, 231); packageName: org.totschnig.myexpenses.debug; className: android.widget.FrameLayout; text: null; error: null; maxTextLength: -1; contentDescription: null; tooltipText: null; viewIdResName: org.totschnig.myexpenses.debug:id/adContainer; checkable: false; checked: false; focusable: false; focused: false; selected: false; clickable: false; longClickable: false; contextClickable: false; enabled: true; password: false; scrollable: false; importantForAccessibility: false; visible: false; actions: [AccessibilityAction: ACTION_SELECT - null, AccessibilityAction: ACTION_CLEAR_SELECTION - null, AccessibilityAction: ACTION_ACCESSIBILITY_FOCUS - null, AccessibilityAction: ACTION_SHOW_ON_SCREEN - null]
05-13 12:56:57.654   420  2519 I AccessibilityNodeInfoDumper: Skipping invisible child: android.view.accessibility.AccessibilityNodeInfo@2c345; boundsInParent: Rect(0, 0 - 1080, 63); boundsInScreen: Rect(0, 0 - 1080, 63); packageName: org.totschnig.myexpenses.debug; className: android.view.View; text: null; error: null; maxTextLength: -1; contentDescription: null; tooltipText: null; viewIdResName: android:id/statusBarBackground; checkable: false; checked: false; focusable: false; focused: false; selected: false; clickable: false; longClickable: false; contextClickable: false; enabled: true; password: false; scrollable: false; importantForAccessibility: false; visible: false; actions: [AccessibilityAction: ACTION_SELECT - null, AccessibilityAction: ACTION_CLEAR_SELECTION - null, AccessibilityAction: ACTION_ACCESSIBILITY_FOCUS - null, AccessibilityAction: ACTION_SHOW_ON_SCREEN - null]
05-13 12:56:57.654   420  2519 I AccessibilityNodeInfoDumper: Skipping invisible child: android.view.accessibility.AccessibilityNodeInfo@2bf84; boundsInParent: Rect(0, 0 - 1080, 126); boundsInScreen: Rect(0, 1794 - 1080, 1920); packageName: org.totschnig.myexpenses.debug; className: android.view.View; text: null; error: null; maxTextLength: -1; contentDescription: null; tooltipText: null; viewIdResName: android:id/navigationBarBackground; checkable: false; checked: false; focusable: false; focused: false; selected: false; clickable: false; longClickable: false; contextClickable: false; enabled: true; password: false; scrollable: false; importantForAccessibility: false; visible: false; actions: [AccessibilityAction: ACTION_SELECT - null, AccessibilityAction: ACTION_CLEAR_SELECTION - null, AccessibilityAction: ACTION_ACCESSIBILITY_FOCUS - null, AccessibilityAction: ACTION_SHOW_ON_SCREEN - null]
05-13 12:56:57.659   420  2519 I AccessibilityNodeInfoDumper: Skipping invisible child: android.view.accessibility.AccessibilityNodeInfo@20b4f; boundsInParent: Rect(0, 0 - 0, 63); boundsInScreen: Rect(540, 0 - 540, 63); packageName: com.android.systemui; className: android.widget.FrameLayout; text: null; error: null; maxTextLength: -1; contentDescription: null; tooltipText: null; viewIdResName: com.android.systemui:id/centered_icon_area; checkable: false; checked: false; focusable: false; focused: false; selected: false; clickable: false; longClickable: false; contextClickable: false; enabled: true; password: false; scrollable: false; importantForAccessibility: false; visible: false; actions: [AccessibilityAction: ACTION_SELECT - null, AccessibilityAction: ACTION_CLEAR_SELECTION - null, AccessibilityAction: ACTION_ACCESSIBILITY_FOCUS - null, AccessibilityAction: ACTION_SHOW_ON_SCREEN - null]
05-13 12:56:57.864  1614  1614 I hwservicemanager: getTransport: Cannot find entry android.hardware.graphics.mapper@3.0::IMapper/default in either framework or device manifest.
05-13 12:56:57.865  2532  2532 W Gralloc3: mapper 3.x is not supported
05-13 12:56:58.199 18305  2541 I MediaProvider: Begin Intent { act=android.intent.action.MEDIA_SCANNER_SCAN_FILE dat=file:///sdcard/screen_2025-05-13_205658.png flg=0x1400010 cmp=com.android.providers.media/.MediaService }
05-13 12:56:58.207 18305  2541 W ExifInterface: Invalid image: ExifInterface got an unsupported image format file(ExifInterface supports JPEG and some RAW image formats only) or a corrupted JPEG file to ExifInterface.
05-13 12:56:58.207 18305  2541 W ExifInterface: java.io.IOException: Invalid byte order: ffff8950
05-13 12:56:58.207 18305  2541 W ExifInterface: 	at android.media.ExifInterface.readByteOrder(ExifInterface.java:3121)
05-13 12:56:58.207 18305  2541 W ExifInterface: 	at android.media.ExifInterface.isOrfFormat(ExifInterface.java:2437)
05-13 12:56:58.207 18305  2541 W ExifInterface: 	at android.media.ExifInterface.getMimeType(ExifInterface.java:2315)
05-13 12:56:58.207 18305  2541 W ExifInterface: 	at android.media.ExifInterface.loadAttributes(ExifInterface.java:1753)
05-13 12:56:58.207 18305  2541 W ExifInterface: 	at android.media.ExifInterface.<init>(ExifInterface.java:1447)
05-13 12:56:58.207 18305  2541 W ExifInterface: 	at com.android.providers.media.scan.ModernMediaScanner.scanItemImage(ModernMediaScanner.java:729)
05-13 12:56:58.207 18305  2541 W ExifInterface: 	at com.android.providers.media.scan.ModernMediaScanner.scanItem(ModernMediaScanner.java:502)
05-13 12:56:58.207 18305  2541 W ExifInterface: 	at com.android.providers.media.scan.ModernMediaScanner.access$500(ModernMediaScanner.java:118)
05-13 12:56:58.207 18305  2541 W ExifInterface: 	at com.android.providers.media.scan.ModernMediaScanner$Scan.visitFile(ModernMediaScanner.java:406)
05-13 12:56:58.207 18305  2541 W ExifInterface: 	at com.android.providers.media.scan.ModernMediaScanner$Scan.visitFile(ModernMediaScanner.java:207)
05-13 12:56:58.207 18305  2541 W ExifInterface: 	at java.nio.file.Files.walkFileTree(Files.java:2670)
05-13 12:56:58.207 18305  2541 W ExifInterface: 	at java.nio.file.Files.walkFileTree(Files.java:2742)
05-13 12:56:58.207 18305  2541 W ExifInterface: 	at com.android.providers.media.scan.ModernMediaScanner$Scan.walkFileTree(ModernMediaScanner.java:267)
05-13 12:56:58.207 18305  2541 W ExifInterface: 	at com.android.providers.media.scan.ModernMediaScanner$Scan.run(ModernMediaScanner.java:245)
05-13 12:56:58.207 18305  2541 W ExifInterface: 	at com.android.providers.media.scan.ModernMediaScanner.scanFile(ModernMediaScanner.java:174)
05-13 12:56:58.207 18305  2541 W ExifInterface: 	at com.android.providers.media.MediaService.onScanFile(MediaService.java:164)
05-13 12:56:58.207 18305  2541 W ExifInterface: 	at com.android.providers.media.MediaService.onHandleIntent(MediaService.java:90)
05-13 12:56:58.207 18305  2541 W ExifInterface: 	at android.app.IntentService$ServiceHandler.handleMessage(IntentService.java:78)
05-13 12:56:58.207 18305  2541 W ExifInterface: 	at android.os.Handler.dispatchMessage(Handler.java:107)
05-13 12:56:58.207 18305  2541 W ExifInterface: 	at android.os.Looper.loop(Looper.java:214)
05-13 12:56:58.207 18305  2541 W ExifInterface: 	at android.os.HandlerThread.run(HandlerThread.java:67)
05-13 12:56:58.208 18305  2541 I MediaProvider: End Intent { act=android.intent.action.MEDIA_SCANNER_SCAN_FILE dat=file:///sdcard/screen_2025-05-13_205658.png flg=0x1400010 cmp=com.android.providers.media/.MediaService }
05-13 12:56:59.563   420  2586 W QueryController: Could not detect idle state.
05-13 12:56:59.575   420   429 W System  : A resource was acquired at attached stack trace but never released. See java.io.Closeable for information on avoiding resource leaks.
05-13 12:56:59.575   420   429 W System  : java.lang.Throwable: Explicit termination method 'end' not called
05-13 12:56:59.575   420   429 W System  : 	at dalvik.system.CloseGuard.open(CloseGuard.java:237)
05-13 12:56:59.575   420   429 W System  : 	at java.util.zip.Deflater.<init>(Deflater.java:189)
05-13 12:56:59.575   420   429 W System  : 	at java.util.zip.GZIPOutputStream.<init>(GZIPOutputStream.java:90)
05-13 12:56:59.575   420   429 W System  : 	at java.util.zip.GZIPOutputStream.<init>(GZIPOutputStream.java:109)
05-13 12:56:59.575   420   429 W System  : 	at fi.iki.elonen.NanoHTTPD$Response.sendBodyWithCorrectEncoding(NanoHTTPD.java:1663)
05-13 12:56:59.575   420   429 W System  : 	at fi.iki.elonen.NanoHTTPD$Response.sendBodyWithCorrectTransferAndEncoding(NanoHTTPD.java:1654)
05-13 12:56:59.575   420   429 W System  : 	at fi.iki.elonen.NanoHTTPD$Response.send(NanoHTTPD.java:1624)
05-13 12:56:59.575   420   429 W System  : 	at fi.iki.elonen.NanoHTTPD$HTTPSession.execute(NanoHTTPD.java:957)
05-13 12:56:59.575   420   429 W System  : 	at fi.iki.elonen.NanoHTTPD$ClientHandler.run(NanoHTTPD.java:192)
05-13 12:56:59.575   420   429 W System  : 	at java.lang.Thread.run(Thread.java:919)
05-13 12:56:59.575   420   429 W System  : A resource was acquired at attached stack trace but never released. See java.io.Closeable for information on avoiding resource leaks.
05-13 12:56:59.575   420   429 W System  : java.lang.Throwable: Explicit termination method 'end' not called
05-13 12:56:59.575   420   429 W System  : 	at dalvik.system.CloseGuard.open(CloseGuard.java:237)
05-13 12:56:59.575   420   429 W System  : 	at java.util.zip.Deflater.<init>(Deflater.java:189)
05-13 12:56:59.575   420   429 W System  : 	at java.util.zip.GZIPOutputStream.<init>(GZIPOutputStream.java:90)
05-13 12:56:59.575   420   429 W System  : 	at java.util.zip.GZIPOutputStream.<init>(GZIPOutputStream.java:109)
05-13 12:56:59.575   420   429 W System  : 	at fi.iki.elonen.NanoHTTPD$Response.sendBodyWithCorrectEncoding(NanoHTTPD.java:1663)
05-13 12:56:59.575   420   429 W System  : 	at fi.iki.elonen.NanoHTTPD$Response.sendBodyWithCorrectTransferAndEncoding(NanoHTTPD.java:1654)
05-13 12:56:59.575   420   429 W System  : 	at fi.iki.elonen.NanoHTTPD$Response.send(NanoHTTPD.java:1624)
05-13 12:56:59.575   420   429 W System  : 	at fi.iki.elonen.NanoHTTPD$HTTPSession.execute(NanoHTTPD.java:957)
05-13 12:56:59.575   420   429 W System  : 	at fi.iki.elonen.NanoHTTPD$ClientHandler.run(NanoHTTPD.java:192)
05-13 12:56:59.575   420   429 W System  : 	at java.lang.Thread.run(Thread.java:919)
05-13 12:56:59.576   420   429 W System  : A resource was acquired at attached stack trace but never released. See java.io.Closeable for information on avoiding resource leaks.
05-13 12:56:59.576   420   429 W System  : java.lang.Throwable: Explicit termination method 'end' not called
05-13 12:56:59.576   420   429 W System  : 	at dalvik.system.CloseGuard.open(CloseGuard.java:237)
05-13 12:56:59.576   420   429 W System  : 	at java.util.zip.Deflater.<init>(Deflater.java:189)
05-13 12:56:59.576   420   429 W System  : 	at java.util.zip.GZIPOutputStream.<init>(GZIPOutputStream.java:90)
05-13 12:56:59.576   420   429 W System  : 	at java.util.zip.GZIPOutputStream.<init>(GZIPOutputStream.java:109)
05-13 12:56:59.576   420   429 W System  : 	at fi.iki.elonen.NanoHTTPD$Response.sendBodyWithCorrectEncoding(NanoHTTPD.java:1663)
05-13 12:56:59.576   420   429 W System  : 	at fi.iki.elonen.NanoHTTPD$Response.sendBodyWithCorrectTransferAndEncoding(NanoHTTPD.java:1654)
05-13 12:56:59.576   420   429 W System  : 	at fi.iki.elonen.NanoHTTPD$Response.send(NanoHTTPD.java:1624)
05-13 12:56:59.576   420   429 W System  : 	at fi.iki.elonen.NanoHTTPD$HTTPSession.execute(NanoHTTPD.java:957)
05-13 12:56:59.576   420   429 W System  : 	at fi.iki.elonen.NanoHTTPD$ClientHandler.run(NanoHTTPD.java:192)
05-13 12:56:59.576   420   429 W System  : 	at java.lang.Thread.run(Thread.java:919)
